       ╭─ Experiment lean-ab ─────────────── 4m02s ─╮
       │ runs  █████████████▍░░░░░░░░░     14 of 24 │
       │ spend ███████████▎░░░░░░░░░░░ $5.90 of $12 │
       ╰─────────────────────┬──────────────────────╯
              ┌──────────────┴───────────────┐
              ▼                              ▼
╭─ A lean context ──────────╮   ╭─ B full context ─────────╮
│ 5 ok  1 failed            │   │ 5 ok  1 failed           │
│ ⠸ parse-iso-weeks         │   │ ⠸ csv-quoting            │
╰─────────────┬─────────────╯   ╰────────────┬─────────────╯
              └──────────────┬───────────────┘
                             ▼
       ╭─ Grading ───────────────────── sandbox-v1 ─╮
       │ canary ok, no denials                      │
       ╰─────────────────────┬──────────────────────╯
                             ▼
       ╭─ Look 2 of 3 ──────────────────────────────╮
       │ success ───────────━━│━━━━●━━━━━━── +9 pts │
       │ inconclusive so far; next look at 18 runs  │
       ╰────────────────────────────────────────────╯

       ╭─ Checkout ──────────────────────────── 3s ─╮
       │ base 7d888f7, a fresh copy                 │
       ╰─────────────────────┬──────────────────────╯
                             ▼
       ╭─ Agent ──────────────────────────── 2m41s ─╮
       │ 23 turns, $0.41                            │
       ╰─────────────────────┬──────────────────────╯
                             ▼
       ╭─ Grading ──────────────────────────── 18s ─╮
       │ 12 of 12 tests passed                      │
       ╰─────────────────────┬──────────────────────╯
                             ▼
       ╭─ Record ────────────────────────────── 0s ─╮
       │ run 41                                     │
       ╰────────────────────────────────────────────╯

               ╭─ Pool ─────────────────────╮
               │ 22 tasks                   │
               ╰─────────────┬──────────────╯
                             ▼
╭─ valid ──────────────────────────────────────────────────╮
│ one line                                                 │
╰──────────────────────────────────────────────────────────╯
╭─ weak ───────────────────────────────────────────────────╮
│ one line                                                 │
╰──────────────────────────────────────────────────────────╯
╭─ flaky ──────────────────────────────────────────────────╮
│ one line                                                 │
╰────────────────────────────┬─────────────────────────────╯
                             ▼
               ╭─ Report ───────────────────╮
               │ 3 groups                   │
               ╰────────────────────────────╯
