                           \e[2m+-\e[22m \e[1mExperiment lean-ab\e[22m \e[2m---------------\e[22m \e[2m4m02s\e[22m \e[2m-\e[22m\e[2m+\e[22m
                           \e[2m|\e[22m runs  #############\e[2m..........\e[22m     14 of 24 \e[2m|\e[22m
                           \e[2m|\e[22m spend \e[32m###########\e[39m\e[2m............\e[22m $5.90 of $12 \e[2m|\e[22m
                           \e[2m+---------------------\e[0m\e[2m+\e[22m\e[2m----------------------+\e[22m
                       \e[2m+-------------------------+-------------------------+\e[22m
                       \e[2mv\e[22m                                                   \e[2mv\e[22m
      \e[2m+-\e[22m \e[1m\e[36mA\e[39m lean context\e[22m \e[2m-----------------\e[22m\e[2m+\e[22m                \e[2m+-\e[22m \e[1m\e[33mB\e[39m full context\e[22m \e[2m-----------------\e[22m\e[2m+\e[22m
      \e[2m|\e[22m \e[32m5 ok\e[39m  \e[31m1 failed\e[39m                   \e[2m|\e[22m                \e[2m|\e[22m \e[32m5 ok\e[39m  \e[31m1 failed\e[39m                   \e[2m|\e[22m
      \e[2m|\e[22m \e[2m\\e[22m \e[2mparse-iso-weeks\e[22m                \e[2m|\e[22m                \e[2m|\e[22m \e[2m\\e[22m \e[2mcsv-quoting\e[22m                    \e[2m|\e[22m
      \e[2m+----------------\e[0m\e[2m+\e[22m\e[2m-----------------+\e[22m                \e[2m+----------------\e[0m\e[2m+\e[22m\e[2m-----------------+\e[22m
                       \e[2m+-------------------------+-------------------------+\e[22m
                                                 \e[2mv\e[22m
                           \e[2m+-\e[22m \e[1mGrading\e[22m \e[2m---------------------\e[22m \e[2msandbox-v1\e[22m \e[2m-\e[22m\e[2m+\e[22m
                           \e[2m|\e[22m \e[32mcanary ok\e[39m\e[2m, no denials\e[22m                      \e[2m|\e[22m
                           \e[2m+---------------------\e[0m\e[2m+\e[22m\e[2m----------------------+\e[22m
                                                 \e[2mv\e[22m
                           \e[2m+-\e[22m \e[1mLook 2 of 3\e[22m \e[2m------------------------------\e[22m\e[2m+\e[22m
                           \e[2m|\e[22m success \e[2m-----------\e[22m\e[2m==\e[22m|\e[2m====o======\e[22m\e[2m--\e[22m +9 pts \e[2m|\e[22m
                           \e[2m|\e[22m \e[2minconclusive so far; next look at 18 runs\e[22m  \e[2m|\e[22m
                           \e[2m+--------------------------------------------+\e[22m

                           \e[2m+-\e[22m \e[1mCheckout\e[22m \e[2m----------------------------\e[22m \e[2m3s\e[22m \e[2m-\e[22m\e[2m+\e[22m
                           \e[2m|\e[22m base 7d888f7, a fresh copy                 \e[2m|\e[22m
                           \e[2m+---------------------\e[0m\e[2m+\e[22m\e[2m----------------------+\e[22m
                                                 \e[2mv\e[22m
                           \e[2m+-\e[22m \e[1mAgent\e[22m \e[2m----------------------------\e[22m \e[2m2m41s\e[22m \e[2m-\e[22m\e[2m+\e[22m
                           \e[2m|\e[22m 23 turns, $0.41                            \e[2m|\e[22m
                           \e[2m+---------------------\e[0m\e[2m+\e[22m\e[2m----------------------+\e[22m
                                                 \e[2mv\e[22m
                           \e[2m+-\e[22m \e[1mGrading\e[22m \e[2m----------------------------\e[22m \e[2m18s\e[22m \e[2m-\e[22m\e[2m+\e[22m
                           \e[2m|\e[22m \e[32m12 of 12 tests passed\e[39m                      \e[2m|\e[22m
                           \e[2m+---------------------\e[0m\e[2m+\e[22m\e[2m----------------------+\e[22m
                                                 \e[2mv\e[22m
                           \e[2m+-\e[22m \e[1mRecord\e[22m \e[2m------------------------------\e[22m \e[2m0s\e[22m \e[2m-\e[22m\e[2m+\e[22m
                           \e[2m|\e[22m run 41                                     \e[2m|\e[22m
                           \e[2m+--------------------------------------------+\e[22m

                                    \e[2m+-\e[22m \e[1mPool\e[22m \e[2m---------------------\e[22m\e[2m+\e[22m
                                    \e[2m|\e[22m 22 tasks                   \e[2m|\e[22m
                                    \e[2m+-------------\e[0m\e[2m+\e[22m\e[2m--------------+\e[22m
               \e[2m+----------------------------------+---------------------------------+\e[22m
               \e[2mv\e[22m                                  \e[2mv\e[22m                                 \e[2mv\e[22m
\e[2m+-\e[22m \e[1mvalid\e[22m \e[2m----------------------\e[22m\e[2m+\e[22m   \e[2m+-\e[22m \e[1mweak\e[22m \e[2m----------------------\e[22m\e[2m+\e[22m   \e[2m+-\e[22m \e[1mflaky\e[22m \e[2m---------------------\e[22m\e[2m+\e[22m
\e[2m|\e[22m one line                     \e[2m|\e[22m   \e[2m|\e[22m one line                    \e[2m|\e[22m   \e[2m|\e[22m one line                    \e[2m|\e[22m
\e[2m+--------------\e[0m\e[2m+\e[22m\e[2m---------------+\e[22m   \e[2m+--------------\e[0m\e[2m+\e[22m\e[2m--------------+\e[22m   \e[2m+--------------\e[0m\e[2m+\e[22m\e[2m--------------+\e[22m
               \e[2m+----------------------------------+---------------------------------+\e[22m
                                                  \e[2mv\e[22m
                                    \e[2m+-\e[22m \e[1mReport\e[22m \e[2m-------------------\e[22m\e[2m+\e[22m
                                    \e[2m|\e[22m 3 groups                   \e[2m|\e[22m
                                    \e[2m+----------------------------+\e[22m
