\e[38;2;135;215;255m■\e[39m A lean context   \e[38;2;255;135;255m■\e[39m B full context   \e[38;2;95;215;135m■\e[39m ok   \e[38;2;255;95;95m■\e[39m failed   \e[38;2;255;215;0m■\e[39m infrastructure
\e[38;2;138;138;138m■\e[39m left out
\e[38;2;118;118;118m╭─\e[39m \e[1mExperiment lean-ab\e[22m \e[38;2;118;118;118m─────────────────────────────────────────\e[39m \e[38;2;0;175;215m⠋\e[39m look 2 of 3 \e[38;2;118;118;118m─\e[39m\e[38;2;118;118;118m╮\e[39m
\e[38;2;118;118;118m│\e[39m \e[38;2;135;215;255mA\e[39m lean   \e[38;2;95;215;135m7 ok\e[39m  \e[38;2;255;95;95m2 failed\e[39m  \e[38;2;255;215;0m1 infra\e[39m                                             \e[38;2;118;118;118m│\e[39m
\e[38;2;118;118;118m│\e[39m \e[38;2;255;135;255mB\e[39m full   \e[38;2;95;215;135m9 ok\e[39m  \e[38;2;255;95;95m1 failed\e[39m                                                      \e[38;2;118;118;118m│\e[39m
\e[38;2;118;118;118m│\e[39m \e[38;2;118;118;118ma note far too long to fit on one line of a narrow panel, so it is cut with…\e[39m \e[38;2;118;118;118m│\e[39m
\e[38;2;118;118;118m│\e[39m wide: 日本語のタスク名 and an emoji 🙂 measured in cells                     \e[38;2;118;118;118m│\e[39m
\e[38;2;118;118;118m╰──────────────────────────────────────────────────────────────────────────────╯\e[39m
\e[38;2;0;175;215m╭─\e[39m \e[1mA title much too long for a narrow panel to hold in full\e[22m \e[38;2;0;175;215m───────────────────\e[39m\e[38;2;0;175;215m╮\e[39m
\e[38;2;0;175;215m│\e[39m Wrapped: \e[38;2;95;135;255mno loss beyond the margin\e[39m on success; cost is inconclusive with     \e[38;2;0;175;215m│\e[39m
\e[38;2;0;175;215m│\e[39m these tasks and needs another look.                                          \e[38;2;0;175;215m│\e[39m
\e[38;2;0;175;215m╰──────────────────────────────────────────────────────────────────────────────╯\e[39m
\e[38;2;118;118;118m╭─\e[39m\e[38;2;118;118;118m─────────────────────────────────────────────────────────────────────────────\e[39m\e[38;2;118;118;118m╮\e[39m
\e[38;2;118;118;118m╰──────────────────────────────────────────────────────────────────────────────╯\e[39m
tasks    \e[38;2;0;175;215m████████████████████████████████▍\e[39m\e[38;2;118;118;118m░░░░░░░░░░░░░░░░░░░░░\e[39m         12 of 20
budget   \e[38;2;95;215;135m██████████████████\e[39m\e[38;2;118;118;118m░░░░░░░░░░░░░░░░░░░░░░░░░░░░░░░░░░░░\e[39m     $4.00 of $12
window   \e[38;2;255;215;0m██████████████████████████████████████████▏\e[39m\e[38;2;118;118;118m░░░░░░░░░░░\e[39m 78% resets 14:05
spent    \e[38;2;255;95;95m███████████████████████████████████████████████████▎\e[39m\e[38;2;118;118;118m░░\e[39m    $11.40 of $12
none     \e[38;2;118;118;118m░░░░░░░░░░░░░░░░░░░░░░░░░░░░░░░░░░░░░░░░░░░░░░░░░░░░░░\e[39m                0
a sliver ▏\e[38;2;118;118;118m░░░░░░░░░░░░░░░░░░░░░░░░░░░░░░░░░░░░░░░░░░░░░░░░░░░░░\e[39m             0.1%
almost   █████████████████████████████████████████████████████▉            99.9%
full     \e[38;2;95;215;135m██████████████████████████████████████████████████████\e[39m             100%
beyond   ██████████████████████████████████████████████████████          clamped
NaN      \e[38;2;118;118;118m░░░░░░░░░░░░░░░░░░░░░░░░░░░░░░░░░░░░░░░░░░░░░░░░░░░░░░\e[39m            empty
success  \e[38;2;118;118;118m────────────────────────\e[39m│\e[38;2;118;118;118m──\e[39m\e[38;2;95;215;135m━━━━━━━━━●━━━━━━━━━\e[39m\e[38;2;118;118;118m───\e[39m     +12 pts [+3, +21]
cost     \e[38;2;118;118;118m───\e[39m\e[38;2;95;135;255m━━━━━━━━━━━━━━━━●━━━━\e[39m│\e[38;2;95;135;255m━━━━━━━━━\e[39m\e[38;2;118;118;118m──┊────────────\e[39m -$0.10 [-0.42, +0.18]
turns    \e[38;2;118;118;118m────────────────────────────────\e[39m│\e[38;2;118;118;118m──\e[39m\e[38;2;255;95;95m━━━━━━━━━━●━━━\e[39m      beyond the scale
time     \e[38;2;118;118;118m────────\e[39m\e[38;2;138;138;138m━━━━━━━━━━━━━━━━\e[39m│\e[38;2;138;138;138m●━━━━━━━━━━━━━━━━━━━━\e[39m\e[38;2;118;118;118m───\e[39m          inconclusive
nothing  \e[38;2;118;118;118m────────────────────────\e[39m│\e[38;2;118;118;118m────────────────────────\e[39m               no data
spinner \e[38;2;0;175;215m⠋\e[39m \e[38;2;0;175;215m⠙\e[39m \e[38;2;0;175;215m⠹\e[39m \e[38;2;0;175;215m⠸\e[39m and a cut line that does not fit at all at forty
