=== copying, 79 columns
 2 at a time · each run up to $3 and 20 min · Ctrl-C stops; run again to go on
  baseline · map-keys
                     ╭┄ sandbox ┄┄┄┄┄┄╮   ╭┄ sandbox ┄┄┄┄┄┄╮
  ┌────────────┐     ┆ ┌────────────┐ ┆   ┆ ┌────────────┐ ┆     ┌────────────┐
  │ fresh copy │╌╌╌╌╌┆╌│Claude works│╌┆╌╌╌┆╌│hidden tests│╌┆╌╌╌╌╌│   result   │
  │ ⠹ copying  │     ┆ │     –      │ ┆   ┆ │     –      │ ┆     │     –      │
  └────────────┘     ┆ └────────────┘ ┆   ┆ └────────────┘ ┆     └────────────┘
                     ╰┄┄┄┄┄┄┄┄┄┄┄┄┄┄┄┄╯   ╰┄┄┄┄┄┄┄┄┄┄┄┄┄┄┄┄╯
=== copying, 64 columns
          2 at a time · each run up to $3 and 20 min
               Ctrl-C stops; run again to go on
  baseline · map-keys
                 ╭┄ sandbox ┄┄╮   ╭┄ sandbox ┄┄╮
  ┌────────┐     ┆ ┌────────┐ ┆   ┆ ┌────────┐ ┆     ┌────────┐
  │  copy  │╌╌╌╌╌┆╌│ Claude │╌┆╌╌╌┆╌│ tests  │╌┆╌╌╌╌╌│ result │
  │ ⠹ copy │     ┆ │   –    │ ┆   ┆ │   –    │ ┆     │   –    │
  └────────┘     ┆ └────────┘ ┆   ┆ └────────┘ ┆     └────────┘
                 ╰┄┄┄┄┄┄┄┄┄┄┄┄╯   ╰┄┄┄┄┄┄┄┄┄┄┄┄╯
=== fetching dependencies, 79 columns
 2 at a time · each run up to $3 and 20 min · Ctrl-C stops; run again to go on
  baseline · map-keys
                     ╭┄ sandbox ┄┄┄┄┄┄╮   ╭┄ sandbox ┄┄┄┄┄┄╮
  ┌────────────┐     ┆ ┌────────────┐ ┆   ┆ ┌────────────┐ ┆     ┌────────────┐
  │ fresh copy │╌╌╌╌╌┆╌│Claude works│╌┆╌╌╌┆╌│hidden tests│╌┆╌╌╌╌╌│   result   │
  │⠹ downloads │     ┆ │     –      │ ┆   ┆ │     –      │ ┆     │     –      │
  └────────────┘     ┆ └────────────┘ ┆   ┆ └────────────┘ ┆     └────────────┘
                     ╰┄┄┄┄┄┄┄┄┄┄┄┄┄┄┄┄╯   ╰┄┄┄┄┄┄┄┄┄┄┄┄┄┄┄┄╯
=== fetching dependencies, 64 columns
          2 at a time · each run up to $3 and 20 min
               Ctrl-C stops; run again to go on
  baseline · map-keys
                 ╭┄ sandbox ┄┄╮   ╭┄ sandbox ┄┄╮
  ┌────────┐     ┆ ┌────────┐ ┆   ┆ ┌────────┐ ┆     ┌────────┐
  │  copy  │╌╌╌╌╌┆╌│ Claude │╌┆╌╌╌┆╌│ tests  │╌┆╌╌╌╌╌│ result │
  │ ⠹ deps │     ┆ │   –    │ ┆   ┆ │   –    │ ┆     │   –    │
  └────────┘     ┆ └────────┘ ┆   ┆ └────────┘ ┆     └────────┘
                 ╰┄┄┄┄┄┄┄┄┄┄┄┄╯   ╰┄┄┄┄┄┄┄┄┄┄┄┄╯
=== running the setup, 79 columns
 2 at a time · each run up to $3 and 20 min · Ctrl-C stops; run again to go on
  baseline · map-keys
                     ╭┄ sandbox ┄┄┄┄┄┄╮   ╭┄ sandbox ┄┄┄┄┄┄╮
  ┌────────────┐     ┆ ┌────────────┐ ┆   ┆ ┌────────────┐ ┆     ┌────────────┐
  │ fresh copy │╌╌╌╌╌┆╌│Claude works│╌┆╌╌╌┆╌│hidden tests│╌┆╌╌╌╌╌│   result   │
  │ ⠹ setup 4s │     ┆ │     –      │ ┆   ┆ │     –      │ ┆     │     –      │
  └────────────┘     ┆ └────────────┘ ┆   ┆ └────────────┘ ┆     └────────────┘
                     ╰┄┄┄┄┄┄┄┄┄┄┄┄┄┄┄┄╯   ╰┄┄┄┄┄┄┄┄┄┄┄┄┄┄┄┄╯
=== running the setup, 64 columns
          2 at a time · each run up to $3 and 20 min
               Ctrl-C stops; run again to go on
  baseline · map-keys
                 ╭┄ sandbox ┄┄╮   ╭┄ sandbox ┄┄╮
  ┌────────┐     ┆ ┌────────┐ ┆   ┆ ┌────────┐ ┆     ┌────────┐
  │  copy  │╌╌╌╌╌┆╌│ Claude │╌┆╌╌╌┆╌│ tests  │╌┆╌╌╌╌╌│ result │
  │⠹ setup │     ┆ │   –    │ ┆   ┆ │   –    │ ┆     │   –    │
  └────────┘     ┆ └────────┘ ┆   ┆ └────────┘ ┆     └────────┘
                 ╰┄┄┄┄┄┄┄┄┄┄┄┄╯   ╰┄┄┄┄┄┄┄┄┄┄┄┄╯
=== starting the sandbox, 79 columns
 2 at a time · each run up to $3 and 20 min · Ctrl-C stops; run again to go on
  baseline · map-keys
                     ╭┄ sandbox ┄┄┄┄┄┄╮   ╭┄ sandbox ┄┄┄┄┄┄╮
  ┌────────────┐     ┆ ┌────────────┐ ┆   ┆ ┌────────────┐ ┆     ┌────────────┐
  │ fresh copy │╌╌╌╌╌┆╌│Claude works│╌┆╌╌╌┆╌│hidden tests│╌┆╌╌╌╌╌│   result   │
  │  ✓ 1m18s   │     ┆ │  ✓ 2m00s   │ ┆   ┆ │ ⠹ starting │ ┆     │     –      │
  └────────────┘     ┆ └────────────┘ ┆   ┆ └────────────┘ ┆     └────────────┘
                     ╰┄┄┄┄┄┄┄┄┄┄┄┄┄┄┄┄╯   ╰┄┄┄┄┄┄┄┄┄┄┄┄┄┄┄┄╯
=== starting the sandbox, 64 columns
          2 at a time · each run up to $3 and 20 min
               Ctrl-C stops; run again to go on
  baseline · map-keys
                 ╭┄ sandbox ┄┄╮   ╭┄ sandbox ┄┄╮
  ┌────────┐     ┆ ┌────────┐ ┆   ┆ ┌────────┐ ┆     ┌────────┐
  │  copy  │╌╌╌╌╌┆╌│ Claude │╌┆╌╌╌┆╌│ tests  │╌┆╌╌╌╌╌│ result │
  │✓ 1m18s │     ┆ │✓ 2m00s │ ┆   ┆ │⠹ start │ ┆     │   –    │
  └────────┘     ┆ └────────┘ ┆   ┆ └────────┘ ┆     └────────┘
                 ╰┄┄┄┄┄┄┄┄┄┄┄┄╯   ╰┄┄┄┄┄┄┄┄┄┄┄┄╯
=== running the tests, 79 columns
 2 at a time · each run up to $3 and 20 min · Ctrl-C stops; run again to go on
  baseline · map-keys
                     ╭┄ sandbox ┄┄┄┄┄┄╮   ╭┄ sandbox ┄┄┄┄┄┄╮
  ┌────────────┐     ┆ ┌────────────┐ ┆   ┆ ┌────────────┐ ┆     ┌────────────┐
  │ fresh copy │╌╌╌╌╌┆╌│Claude works│╌┆╌╌╌┆╌│hidden tests│╌┆╌╌╌╌╌│   result   │
  │  ✓ 1m18s   │     ┆ │  ✓ 2m00s   │ ┆   ┆ │ ⠹ testing  │ ┆     │     –      │
  └────────────┘     ┆ └────────────┘ ┆   ┆ └────────────┘ ┆     └────────────┘
                     ╰┄┄┄┄┄┄┄┄┄┄┄┄┄┄┄┄╯   ╰┄┄┄┄┄┄┄┄┄┄┄┄┄┄┄┄╯
=== running the tests, 64 columns
          2 at a time · each run up to $3 and 20 min
               Ctrl-C stops; run again to go on
  baseline · map-keys
                 ╭┄ sandbox ┄┄╮   ╭┄ sandbox ┄┄╮
  ┌────────┐     ┆ ┌────────┐ ┆   ┆ ┌────────┐ ┆     ┌────────┐
  │  copy  │╌╌╌╌╌┆╌│ Claude │╌┆╌╌╌┆╌│ tests  │╌┆╌╌╌╌╌│ result │
  │✓ 1m18s │     ┆ │✓ 2m00s │ ┆   ┆ │ ⠹ test │ ┆     │   –    │
  └────────┘     ┆ └────────┘ ┆   ┆ └────────┘ ┆     └────────┘
                 ╰┄┄┄┄┄┄┄┄┄┄┄┄╯   ╰┄┄┄┄┄┄┄┄┄┄┄┄╯
=== cleaning up, 79 columns
 2 at a time · each run up to $3 and 20 min · Ctrl-C stops; run again to go on
  baseline · map-keys
                     ╭┄ sandbox ┄┄┄┄┄┄╮   ╭┄ sandbox ┄┄┄┄┄┄╮
  ┌────────────┐     ┆ ┌────────────┐ ┆   ┆ ┌────────────┐ ┆     ┌────────────┐
  │ fresh copy │╌╌╌╌╌┆╌│Claude works│╌┆╌╌╌┆╌│hidden tests│╌┆╌╌╌╌╌│   result   │
  │  ✓ 1m18s   │     ┆ │  ✓ 2m00s   │ ┆   ┆ │   ✓ 40s    │ ┆     │ ⠹ cleanup  │
  └────────────┘     ┆ └────────────┘ ┆   ┆ └────────────┘ ┆     └────────────┘
                     ╰┄┄┄┄┄┄┄┄┄┄┄┄┄┄┄┄╯   ╰┄┄┄┄┄┄┄┄┄┄┄┄┄┄┄┄╯
=== cleaning up, 64 columns
          2 at a time · each run up to $3 and 20 min
               Ctrl-C stops; run again to go on
  baseline · map-keys
                 ╭┄ sandbox ┄┄╮   ╭┄ sandbox ┄┄╮
  ┌────────┐     ┆ ┌────────┐ ┆   ┆ ┌────────┐ ┆     ┌────────┐
  │  copy  │╌╌╌╌╌┆╌│ Claude │╌┆╌╌╌┆╌│ tests  │╌┆╌╌╌╌╌│ result │
  │✓ 1m18s │     ┆ │✓ 2m00s │ ┆   ┆ │ ✓ 40s  │ ┆     │⠹ clean │
  └────────┘     ┆ └────────┘ ┆   ┆ └────────┘ ┆     └────────┘
                 ╰┄┄┄┄┄┄┄┄┄┄┄┄╯   ╰┄┄┄┄┄┄┄┄┄┄┄┄╯
=== a folder quarantined, 79 columns
               cleanup quarantined a folder it could not remove
  baseline · map-keys
                     ╭┄ sandbox ┄┄┄┄┄┄╮   ╭┄ sandbox ┄┄┄┄┄┄╮
  ┌────────────┐     ┆ ┌────────────┐ ┆   ┆ ┌────────────┐ ┆     ┌────────────┐
  │ fresh copy │╌╌╌╌╌┆╌│Claude works│╌┆╌╌╌┆╌│hidden tests│╌┆╌╌╌╌╌│   result   │
  │  ✓ 1m18s   │     ┆ │  ✓ 2m00s   │ ┆   ┆ │   ✓ 40s    │ ┆     │ ⠹ cleanup  │
  └────────────┘     ┆ └────────────┘ ┆   ┆ └────────────┘ ┆     └────────────┘
                     ╰┄┄┄┄┄┄┄┄┄┄┄┄┄┄┄┄╯   ╰┄┄┄┄┄┄┄┄┄┄┄┄┄┄┄┄╯
=== a folder quarantined, 64 columns
       cleanup quarantined a folder it could not remove

  baseline · map-keys
                 ╭┄ sandbox ┄┄╮   ╭┄ sandbox ┄┄╮
  ┌────────┐     ┆ ┌────────┐ ┆   ┆ ┌────────┐ ┆     ┌────────┐
  │  copy  │╌╌╌╌╌┆╌│ Claude │╌┆╌╌╌┆╌│ tests  │╌┆╌╌╌╌╌│ result │
  │✓ 1m18s │     ┆ │✓ 2m00s │ ┆   ┆ │ ✓ 40s  │ ┆     │⠹ clean │
  └────────┘     ┆ └────────┘ ┆   ┆ └────────┘ ┆     └────────┘
                 ╰┄┄┄┄┄┄┄┄┄┄┄┄╯   ╰┄┄┄┄┄┄┄┄┄┄┄┄╯
=== passed, 79 columns
               cleanup quarantined a folder it could not remove
  baseline · map-keys
                     ╭┄ sandbox ┄┄┄┄┄┄╮   ╭┄ sandbox ┄┄┄┄┄┄╮
  ┌────────────┐     ┆ ┌────────────┐ ┆   ┆ ┌────────────┐ ┆     ┌────────────┐
  │ fresh copy │╌╌╌╌╌┆╌│Claude works│╌┆╌╌╌┆╌│hidden tests│╌┆╌╌╌╌╌│   result   │
  │  ✓ 1m18s   │     ┆ │  ✓ 2m00s   │ ┆   ┆ │   ✓ 40s    │ ┆     │  ✓ passed  │
  └────────────┘     ┆ └────────────┘ ┆   ┆ └────────────┘ ┆     └────────────┘
                     ╰┄┄┄┄┄┄┄┄┄┄┄┄┄┄┄┄╯   ╰┄┄┄┄┄┄┄┄┄┄┄┄┄┄┄┄╯
=== passed, 64 columns
       cleanup quarantined a folder it could not remove

  baseline · map-keys
                 ╭┄ sandbox ┄┄╮   ╭┄ sandbox ┄┄╮
  ┌────────┐     ┆ ┌────────┐ ┆   ┆ ┌────────┐ ┆     ┌────────┐
  │  copy  │╌╌╌╌╌┆╌│ Claude │╌┆╌╌╌┆╌│ tests  │╌┆╌╌╌╌╌│ result │
  │✓ 1m18s │     ┆ │✓ 2m00s │ ┆   ┆ │ ✓ 40s  │ ┆     │✓ passed│
  └────────┘     ┆ └────────┘ ┆   ┆ └────────┘ ┆     └────────┘
                 ╰┄┄┄┄┄┄┄┄┄┄┄┄╯   ╰┄┄┄┄┄┄┄┄┄┄┄┄╯
=== running the tests on the host, 79 columns
 2 at a time · each run up to $3 and 20 min · Ctrl-C stops; run again to go on
  baseline · map-keys
                     ╭┄ sandbox ┄┄┄┄┄┄╮
  ┌────────────┐     ┆ ┌────────────┐ ┆     ┌────────────┐       ┌────────────┐
  │ fresh copy │╌╌╌╌╌┆╌│Claude works│╌┆╌╌╌╌╌│hidden tests│╌╌╌╌╌╌╌│   result   │
  │    ✓ 0s    │     ┆ │    ✓ 0s    │ ┆     │ ⠹ testing  │       │     –      │
  └────────────┘     ┆ └────────────┘ ┆     └────────────┘       └────────────┘
                     ╰┄┄┄┄┄┄┄┄┄┄┄┄┄┄┄┄╯
=== running the tests on the host, 64 columns
          2 at a time · each run up to $3 and 20 min
               Ctrl-C stops; run again to go on
  baseline · map-keys
                 ╭┄ sandbox ┄┄╮
  ┌────────┐     ┆ ┌────────┐ ┆     ┌────────┐       ┌────────┐
  │  copy  │╌╌╌╌╌┆╌│ Claude │╌┆╌╌╌╌╌│ tests  │╌╌╌╌╌╌╌│ result │
  │  ✓ 0s  │     ┆ │  ✓ 0s  │ ┆     │ ⠹ test │       │   –    │
  └────────┘     ┆ └────────┘ ┆     └────────┘       └────────┘
                 ╰┄┄┄┄┄┄┄┄┄┄┄┄╯
=== the sandbox unavailable, 79 columns
    retrying map-keys for baseline in 30s: it failed, not by Claude's doing
  baseline · map-keys   sandbox unavailable · retrying
                     ╭┄ sandbox ┄┄┄┄┄┄╮   ╭┄ sandbox ┄┄┄┄┄┄╮
  ┌────────────┐     ┆ ┌────────────┐ ┆   ┆ ┌────────────┐ ┆     ┌────────────┐
  │ fresh copy │╌╌╌╌╌┆╌│Claude works│╌┆╌╌╌┆╌│hidden tests│╌┆╌╌╌╌╌│   result   │
  │    ✓ 0s    │     ┆ │    ✓ 0s    │ ┆   ┆ │! no sandbox│ ┆     │ not graded │
  └────────────┘     ┆ └────────────┘ ┆   ┆ └────────────┘ ┆     └────────────┘
                     ╰┄┄┄┄┄┄┄┄┄┄┄┄┄┄┄┄╯   ╰┄┄┄┄┄┄┄┄┄┄┄┄┄┄┄┄╯
=== the sandbox unavailable, 64 columns
retrying map-keys for baseline in 30s: it failed, not by Claud…

  baseline · map-keys   sandbox unavailable · retrying
                 ╭┄ sandbox ┄┄╮   ╭┄ sandbox ┄┄╮
  ┌────────┐     ┆ ┌────────┐ ┆   ┆ ┌────────┐ ┆     ┌────────┐
  │  copy  │╌╌╌╌╌┆╌│ Claude │╌┆╌╌╌┆╌│ tests  │╌┆╌╌╌╌╌│ result │
  │  ✓ 0s  │     ┆ │  ✓ 0s  │ ┆   ┆ │ ! down │ ┆     │not grad│
  └────────┘     ┆ └────────┘ ┆   ┆ └────────┘ ┆     └────────┘
                 ╰┄┄┄┄┄┄┄┄┄┄┄┄╯   ╰┄┄┄┄┄┄┄┄┄┄┄┄╯
=== flagged denials, 79 columns
 2 at a time · each run up to $3 and 20 min · Ctrl-C stops; run again to go on
  baseline · map-keys   blocked: a system service lookup, a file read
                     ╭┄ sandbox ┄┄┄┄┄┄╮   ╭┄ sandbox ┄┄┄┄┄┄╮
  ┌────────────┐     ┆ ┌────────────┐ ┆   ┆ ┌────────────┐ ┆     ┌────────────┐
  │ fresh copy │╌╌╌╌╌┆╌│Claude works│╌┆╌╌╌┆╌│hidden tests│╌┆╌╌╌╌╌│   result   │
  │    ✓ 0s    │     ┆ │    ✓ 0s    │ ┆   ┆ │    ✓ 0s    │ ┆     │  left out  │
  └────────────┘     ┆ └────────────┘ ┆   ┆ └────────────┘ ┆     └────────────┘
                     ╰┄┄┄┄┄┄┄┄┄┄┄┄┄┄┄┄╯   ╰┄┄┄┄┄┄┄┄┄┄┄┄┄┄┄┄╯
=== flagged denials, 64 columns
          2 at a time · each run up to $3 and 20 min
               Ctrl-C stops; run again to go on
  baseline · map-keys   blocked: a system service lookup, a fi…
                 ╭┄ sandbox ┄┄╮   ╭┄ sandbox ┄┄╮
  ┌────────┐     ┆ ┌────────┐ ┆   ┆ ┌────────┐ ┆     ┌────────┐
  │  copy  │╌╌╌╌╌┆╌│ Claude │╌┆╌╌╌┆╌│ tests  │╌┆╌╌╌╌╌│ result │
  │  ✓ 0s  │     ┆ │  ✓ 0s  │ ┆   ┆ │  ✓ 0s  │ ┆     │left out│
  └────────┘     ┆ └────────┘ ┆   ┆ └────────┘ ┆     └────────┘
                 ╰┄┄┄┄┄┄┄┄┄┄┄┄╯   ╰┄┄┄┄┄┄┄┄┄┄┄┄╯
=== end
