=== 60 columns
    BASELINE  vs  LEAN   ·   does lean pass more tasks?
 ───────────────────────────────────────────────────────────
   lean-ab · 12 tasks · 72 runs · sonnet-5 · 2 at a time

╭─ before it runs ─────────────────────────────────────────╮
│ ✓ everything is in place (2 checks)                      │
╰──────────────────────────────────────────────────────────╯

╭─ can it answer? ─────────────────────────────────────────╮
│ ! no answer on passes at this size: it needs 20 tasks of │
│ 3 runs each                                              │
╰──────────────────────────────────────────────────────────╯

╭─ what it may spend ──────────────────────────────────────╮
│ likely        ████████████▎░░░░░░░░░░░░░░░░░░░░   $88.56 │
│ worst case    █████████████████████████████████  $237.60 │
│ budget        ████▏░░░░░░░░░░░░░░░░░░░░░░░░░░░░      $30 │
│ worst case: every run hits its cap                       │
╰──────────────────────────────────────────────────────────╯

 on your plan: 72 runs need about 5.1 windows of the
 five-hour limit
 everything: agentium experiment plan lean-ab --details
=== 80 columns
              BASELINE  vs  LEAN   ·   does lean pass more tasks?
 ───────────────────────────────────────────────────────────────────────────────
             lean-ab · 12 tasks · 72 runs · sonnet-5 · 2 at a time

╭─ before it runs ─────────────────────────────────────────────────────────────╮
│ ✓ everything is in place (2 checks)                                          │
╰──────────────────────────────────────────────────────────────────────────────╯

╭─ can it answer? ─────────────────────────────────────────────────────────────╮
│ ! no answer on passes at this size: it needs 20 tasks of 3 runs each         │
╰──────────────────────────────────────────────────────────────────────────────╯

╭─ what it may spend ──────────────────────────────────────────────────────────╮
│ likely        ███████████████████▊░░░░░░░░░░░░░░░░░░░░░░░░░░░░░░░░░   $88.56 │
│ worst case    █████████████████████████████████████████████████████  $237.60 │
│ budget        ██████▊░░░░░░░░░░░░░░░░░░░░░░░░░░░░░░░░░░░░░░░░░░░░░░      $30 │
│ worst case: every run hits its cap                                           │
╰──────────────────────────────────────────────────────────────────────────────╯

 on your plan: 72 runs need about 5.1 windows of the five-hour limit
 everything: agentium experiment plan lean-ab --details
=== 120 columns
                        BASELINE  vs  LEAN   ·   does lean pass more tasks?
 ───────────────────────────────────────────────────────────────────────────────────────────────────
                       lean-ab · 12 tasks · 72 runs · sonnet-5 · 2 at a time

╭─ before it runs ─────────────────────────────────────────────────────────────────────────────────╮
│ ✓ everything is in place (2 checks)                                                              │
╰──────────────────────────────────────────────────────────────────────────────────────────────────╯

╭─ can it answer? ─────────────────────────────────────────────────────────────────────────────────╮
│ ! no answer on passes at this size: it needs 20 tasks of 3 runs each                             │
╰──────────────────────────────────────────────────────────────────────────────────────────────────╯

╭─ what it may spend ──────────────────────────────────────────────────────────────────────────────╮
│ likely        ███████████████████████████▎░░░░░░░░░░░░░░░░░░░░░░░░░░░░░░░░░░░░░░░░░░░░░   $88.56 │
│ worst case    █████████████████████████████████████████████████████████████████████████  $237.60 │
│ budget        █████████▎░░░░░░░░░░░░░░░░░░░░░░░░░░░░░░░░░░░░░░░░░░░░░░░░░░░░░░░░░░░░░░░      $30 │
│ worst case: every run hits its cap                                                               │
╰──────────────────────────────────────────────────────────────────────────────────────────────────╯

 on your plan: 72 runs need about 5.1 windows of the five-hour limit
 everything: agentium experiment plan lean-ab --details
=== end
