=== 60 columns
  SONNET-5  vs  HAIKU-4-5   ·   does haiku-4-5 save money?
 ───────────────────────────────────────────────────────────
         lean-ab · 8 tasks · 16 runs · 2 at a time

╭─ before it runs ─────────────────────────────────────────╮
│ ✓ everything is in place (2 checks)                      │
╰──────────────────────────────────────────────────────────╯

╭─ can it answer? ─────────────────────────────────────────╮
│ this size can see    25% less cost, or 33% more          │
╰──────────────────────────────────────────────────────────╯

╭─ what it may spend ──────────────────────────────────────╮
│ likely        ████████████▎░░░░░░░░░░░░░░░░░░░░   $19.68 │
│ worst case    █████████████████████████████████   $52.80 │
│ budget        ██████████████████▊░░░░░░░░░░░░░░      $30 │
│ worst case: every run hits its cap                       │
╰──────────────────────────────────────────────────────────╯

 on your plan: 16 runs need about 1.1 windows of the
 five-hour limit
 everything: agentium experiment plan lean-ab --details
=== 80 columns
            SONNET-5  vs  HAIKU-4-5   ·   does haiku-4-5 save money?
 ───────────────────────────────────────────────────────────────────────────────
                   lean-ab · 8 tasks · 16 runs · 2 at a time

╭─ before it runs ─────────────────────────────────────────────────────────────╮
│ ✓ everything is in place (2 checks)                                          │
╰──────────────────────────────────────────────────────────────────────────────╯

╭─ can it answer? ─────────────────────────────────────────────────────────────╮
│ this size can see    25% less cost, or 33% more                              │
╰──────────────────────────────────────────────────────────────────────────────╯

╭─ what it may spend ──────────────────────────────────────────────────────────╮
│ likely        ███████████████████▊░░░░░░░░░░░░░░░░░░░░░░░░░░░░░░░░░   $19.68 │
│ worst case    █████████████████████████████████████████████████████   $52.80 │
│ budget        ██████████████████████████████▏░░░░░░░░░░░░░░░░░░░░░░      $30 │
│ worst case: every run hits its cap                                           │
╰──────────────────────────────────────────────────────────────────────────────╯

 on your plan: 16 runs need about 1.1 windows of the five-hour limit
 everything: agentium experiment plan lean-ab --details
=== 120 columns
                      SONNET-5  vs  HAIKU-4-5   ·   does haiku-4-5 save money?
 ───────────────────────────────────────────────────────────────────────────────────────────────────
                             lean-ab · 8 tasks · 16 runs · 2 at a time

╭─ before it runs ─────────────────────────────────────────────────────────────────────────────────╮
│ ✓ everything is in place (2 checks)                                                              │
╰──────────────────────────────────────────────────────────────────────────────────────────────────╯

╭─ can it answer? ─────────────────────────────────────────────────────────────────────────────────╮
│ this size can see    25% less cost, or 33% more                                                  │
╰──────────────────────────────────────────────────────────────────────────────────────────────────╯

╭─ what it may spend ──────────────────────────────────────────────────────────────────────────────╮
│ likely        ███████████████████████████▎░░░░░░░░░░░░░░░░░░░░░░░░░░░░░░░░░░░░░░░░░░░░░   $19.68 │
│ worst case    █████████████████████████████████████████████████████████████████████████   $52.80 │
│ budget        █████████████████████████████████████████▌░░░░░░░░░░░░░░░░░░░░░░░░░░░░░░░      $30 │
│ worst case: every run hits its cap                                                               │
╰──────────────────────────────────────────────────────────────────────────────────────────────────╯

 on your plan: 16 runs need about 1.1 windows of the five-hour limit
 everything: agentium experiment plan lean-ab --details
=== end
