=== 60 columns
       BASELINE  vs  LEAN   ·   does lean save money?
 ───────────────────────────────────────────────────────────
   lean-seq · 16 tasks · 32 runs · sonnet-5 · 2 at a time

╭─ before it runs ─────────────────────────────────────────╮
│ ✓ everything is in place (2 checks)                      │
╰──────────────────────────────────────────────────────────╯

╭─ what it may spend ──────────────────────────────────────╮
│ likely     ████▎░░░░░░░░░░░░░░░░░░░░░░░░░░░░░░░    $7.01 │
│ at most    ██████▌░░░░░░░░░░░░░░░░░░░░░░░░░░░░░   $10.88 │
│ budget     ████████████████████████████████████      $60 │
│ likely: if nothing changes, about 10.3 of 16 tasks are   │
│ used                                                     │
│ if every run hit its cap: $105.60                        │
╰──────────────────────────────────────────────────────────╯

╭─ when it checks the answer ──────────────────────────────╮
│ check 1: 8 tasks   ██████████████▎░░░░░░░░░░░░░    $5.52 │
│ check 2: 12 tasks  █████████████████████░░░░░░░    $8.16 │
│ check 3: 16 tasks  ████████████████████████████   $10.88 │
│ it stops at the first check with a clear answer          │
╰──────────────────────────────────────────────────────────╯

 on your plan: 32 runs need about 2.3 windows of the
 five-hour limit
 everything: agentium experiment plan lean-seq --details
=== 80 columns
                 BASELINE  vs  LEAN   ·   does lean save money?
 ───────────────────────────────────────────────────────────────────────────────
             lean-seq · 16 tasks · 32 runs · sonnet-5 · 2 at a time

╭─ before it runs ─────────────────────────────────────────────────────────────╮
│ ✓ everything is in place (2 checks)                                          │
╰──────────────────────────────────────────────────────────────────────────────╯

╭─ what it may spend ──────────────────────────────────────────────────────────╮
│ likely     ██████▌░░░░░░░░░░░░░░░░░░░░░░░░░░░░░░░░░░░░░░░░░░░░░░░░░    $7.01 │
│ at most    ██████████▏░░░░░░░░░░░░░░░░░░░░░░░░░░░░░░░░░░░░░░░░░░░░░   $10.88 │
│ budget     ████████████████████████████████████████████████████████      $60 │
│ likely: if nothing changes, about 10.3 of 16 tasks are used                  │
│ if every run hit its cap: $105.60                                            │
╰──────────────────────────────────────────────────────────────────────────────╯

╭─ when it checks the answer ──────────────────────────────────────────────────╮
│ check 1: 8 tasks   ████████████████████████▍░░░░░░░░░░░░░░░░░░░░░░░    $5.52 │
│ check 2: 12 tasks  ████████████████████████████████████░░░░░░░░░░░░    $8.16 │
│ check 3: 16 tasks  ████████████████████████████████████████████████   $10.88 │
│ it stops at the first check with a clear answer                              │
╰──────────────────────────────────────────────────────────────────────────────╯

 on your plan: 32 runs need about 2.3 windows of the five-hour limit
 everything: agentium experiment plan lean-seq --details
=== 120 columns
                           BASELINE  vs  LEAN   ·   does lean save money?
 ───────────────────────────────────────────────────────────────────────────────────────────────────
                       lean-seq · 16 tasks · 32 runs · sonnet-5 · 2 at a time

╭─ before it runs ─────────────────────────────────────────────────────────────────────────────────╮
│ ✓ everything is in place (2 checks)                                                              │
╰──────────────────────────────────────────────────────────────────────────────────────────────────╯

╭─ what it may spend ──────────────────────────────────────────────────────────────────────────────╮
│ likely     ████████▉░░░░░░░░░░░░░░░░░░░░░░░░░░░░░░░░░░░░░░░░░░░░░░░░░░░░░░░░░░░░░░░░░░░    $7.01 │
│ at most    █████████████▊░░░░░░░░░░░░░░░░░░░░░░░░░░░░░░░░░░░░░░░░░░░░░░░░░░░░░░░░░░░░░░   $10.88 │
│ budget     ████████████████████████████████████████████████████████████████████████████      $60 │
│ likely: if nothing changes, about 10.3 of 16 tasks are used                                      │
│ if every run hit its cap: $105.60                                                                │
╰──────────────────────────────────────────────────────────────────────────────────────────────────╯

╭─ when it checks the answer ──────────────────────────────────────────────────────────────────────╮
│ check 1: 8 tasks   ██████████████████████████████████▌░░░░░░░░░░░░░░░░░░░░░░░░░░░░░░░░░    $5.52 │
│ check 2: 12 tasks  ███████████████████████████████████████████████████░░░░░░░░░░░░░░░░░    $8.16 │
│ check 3: 16 tasks  ████████████████████████████████████████████████████████████████████   $10.88 │
│ it stops at the first check with a clear answer                                                  │
╰──────────────────────────────────────────────────────────────────────────────────────────────────╯

 on your plan: 32 runs need about 2.3 windows of the five-hour limit
 everything: agentium experiment plan lean-seq --details
=== end
