=== ctx-unsure
                 \e[1m\e[38;5;75mBASELINE\e[39m\e[22m\e[38;5;243m  vs  \e[39m\e[1m\e[38;5;215mLEAN\e[39m\e[22m\e[38;5;243m   ·   \e[39mdoes lean save money?
 \e[38;5;243m───────────────────────────────────────────────────────────────────────────────\e[39m
              \e[38;5;243mlean-ab · 8 tasks · 16 runs · sonnet-5 · 2 at a time\e[39m

\e[38;5;114m╭─\e[39m \e[1mbefore it runs\e[22m \e[38;5;114m─────────────────────────────────────────────────────────────\e[39m\e[38;5;114m╮\e[39m
\e[38;5;114m│\e[39m \e[38;5;114m✓\e[39m everything is in place \e[38;5;243m(2 checks)\e[39m                                          \e[38;5;114m│\e[39m
\e[38;5;114m╰──────────────────────────────────────────────────────────────────────────────╯\e[39m

\e[38;5;243m╭─\e[39m \e[1mcan it answer?\e[22m \e[38;5;243m─────────────────────────────────────────────────────────────\e[39m\e[38;5;243m╮\e[39m
\e[38;5;243m│\e[39m this size can see    25% less cost, or 33% more                              \e[38;5;243m│\e[39m
\e[38;5;243m│\e[39m expected from size   about 4% less: the context is 4,575 tokens smaller      \e[38;5;243m│\e[39m
\e[38;5;243m│\e[39m likely result        \e[38;5;220mnot sure\e[39m                                                \e[38;5;243m│\e[39m
\e[38;5;243m│\e[39m \e[38;5;243mseeing 4% would take about 690 runs · size is not everything: a context that\e[0m \e[38;5;243m│\e[39m
\e[38;5;243m│\e[39m \e[38;5;243mchanges what the agent does can move cost more\e[39m                               \e[38;5;243m│\e[39m
\e[38;5;243m╰──────────────────────────────────────────────────────────────────────────────╯\e[39m

\e[38;5;243m╭─\e[39m \e[1mwhat it may spend\e[22m \e[38;5;243m──────────────────────────────────────────────────────────\e[39m\e[38;5;243m╮\e[39m
\e[38;5;243m│\e[39m likely        \e[38;5;114m███████████████████▊\e[39m\e[38;5;243m░░░░░░░░░░░░░░░░░░░░░░░░░░░░░░░░░\e[39m   $19.68 \e[38;5;243m│\e[39m
\e[38;5;243m│\e[39m worst case    \e[38;5;203m█████████████████████████████████████████████████████\e[39m   $52.80 \e[38;5;243m│\e[39m
\e[38;5;243m│\e[39m budget        \e[38;5;245m██████████████████████████████▏\e[39m\e[38;5;243m░░░░░░░░░░░░░░░░░░░░░░\e[39m      $30 \e[38;5;243m│\e[39m
\e[38;5;243m│\e[39m \e[38;5;243mworst case: every run hits its cap\e[39m                                           \e[38;5;243m│\e[39m
\e[38;5;243m╰──────────────────────────────────────────────────────────────────────────────╯\e[39m

 \e[38;5;243mon your plan: 16 runs need about 1.1 windows of the five-hour limit\e[39m
 \e[38;5;243meverything: agentium experiment plan lean-ab --details\e[39m
=== ctx-sees
                 \e[1m\e[38;5;75mBASELINE\e[39m\e[22m\e[38;5;243m  vs  \e[39m\e[1m\e[38;5;215mLEAN\e[39m\e[22m\e[38;5;243m   ·   \e[39mdoes lean save money?
 \e[38;5;243m───────────────────────────────────────────────────────────────────────────────\e[39m
              \e[38;5;243mlean-ab · 8 tasks · 16 runs · sonnet-5 · 2 at a time\e[39m

\e[38;5;114m╭─\e[39m \e[1mbefore it runs\e[22m \e[38;5;114m─────────────────────────────────────────────────────────────\e[39m\e[38;5;114m╮\e[39m
\e[38;5;114m│\e[39m \e[38;5;114m✓\e[39m everything is in place \e[38;5;243m(2 checks)\e[39m                                          \e[38;5;114m│\e[39m
\e[38;5;114m╰──────────────────────────────────────────────────────────────────────────────╯\e[39m

\e[38;5;243m╭─\e[39m \e[1mcan it answer?\e[22m \e[38;5;243m─────────────────────────────────────────────────────────────\e[39m\e[38;5;243m╮\e[39m
\e[38;5;243m│\e[39m this size can see    25% less cost, or 33% more                              \e[38;5;243m│\e[39m
\e[38;5;243m│\e[39m expected from size   about 35% less: the context is 4,575 tokens smaller     \e[38;5;243m│\e[39m
\e[38;5;243m│\e[39m \e[38;5;243msize is not everything: a context that changes what the agent does can move\e[0m  \e[38;5;243m│\e[39m
\e[38;5;243m│\e[39m \e[38;5;243mcost more\e[39m                                                                    \e[38;5;243m│\e[39m
\e[38;5;243m╰──────────────────────────────────────────────────────────────────────────────╯\e[39m

\e[38;5;243m╭─\e[39m \e[1mwhat it may spend\e[22m \e[38;5;243m──────────────────────────────────────────────────────────\e[39m\e[38;5;243m╮\e[39m
\e[38;5;243m│\e[39m likely        \e[38;5;114m███████████████████▊\e[39m\e[38;5;243m░░░░░░░░░░░░░░░░░░░░░░░░░░░░░░░░░\e[39m   $19.68 \e[38;5;243m│\e[39m
\e[38;5;243m│\e[39m worst case    \e[38;5;203m█████████████████████████████████████████████████████\e[39m   $52.80 \e[38;5;243m│\e[39m
\e[38;5;243m│\e[39m budget        \e[38;5;245m██████████████████████████████▏\e[39m\e[38;5;243m░░░░░░░░░░░░░░░░░░░░░░\e[39m      $30 \e[38;5;243m│\e[39m
\e[38;5;243m│\e[39m \e[38;5;243mworst case: every run hits its cap\e[39m                                           \e[38;5;243m│\e[39m
\e[38;5;243m╰──────────────────────────────────────────────────────────────────────────────╯\e[39m

 \e[38;5;243mon your plan: 16 runs need about 1.1 windows of the five-hour limit\e[39m
 \e[38;5;243meverything: agentium experiment plan lean-ab --details\e[39m
=== ctx-nosize
                 \e[1m\e[38;5;75mBASELINE\e[39m\e[22m\e[38;5;243m  vs  \e[39m\e[1m\e[38;5;215mLEAN\e[39m\e[22m\e[38;5;243m   ·   \e[39mdoes lean save money?
 \e[38;5;243m───────────────────────────────────────────────────────────────────────────────\e[39m
              \e[38;5;243mlean-ab · 8 tasks · 16 runs · sonnet-5 · 2 at a time\e[39m

\e[38;5;114m╭─\e[39m \e[1mbefore it runs\e[22m \e[38;5;114m─────────────────────────────────────────────────────────────\e[39m\e[38;5;114m╮\e[39m
\e[38;5;114m│\e[39m \e[38;5;114m✓\e[39m everything is in place \e[38;5;243m(2 checks)\e[39m                                          \e[38;5;114m│\e[39m
\e[38;5;114m╰──────────────────────────────────────────────────────────────────────────────╯\e[39m

\e[38;5;243m╭─\e[39m \e[1mcan it answer?\e[22m \e[38;5;243m─────────────────────────────────────────────────────────────\e[39m\e[38;5;243m╮\e[39m
\e[38;5;243m│\e[39m this size can see    25% less cost, or 33% more                              \e[38;5;243m│\e[39m
\e[38;5;243m╰──────────────────────────────────────────────────────────────────────────────╯\e[39m

\e[38;5;243m╭─\e[39m \e[1mwhat it may spend\e[22m \e[38;5;243m──────────────────────────────────────────────────────────\e[39m\e[38;5;243m╮\e[39m
\e[38;5;243m│\e[39m likely        \e[38;5;114m███████████████████▊\e[39m\e[38;5;243m░░░░░░░░░░░░░░░░░░░░░░░░░░░░░░░░░\e[39m   $19.68 \e[38;5;243m│\e[39m
\e[38;5;243m│\e[39m worst case    \e[38;5;203m█████████████████████████████████████████████████████\e[39m   $52.80 \e[38;5;243m│\e[39m
\e[38;5;243m│\e[39m budget        \e[38;5;245m██████████████████████████████▏\e[39m\e[38;5;243m░░░░░░░░░░░░░░░░░░░░░░\e[39m      $30 \e[38;5;243m│\e[39m
\e[38;5;243m│\e[39m \e[38;5;243mworst case: every run hits its cap\e[39m                                           \e[38;5;243m│\e[39m
\e[38;5;243m╰──────────────────────────────────────────────────────────────────────────────╯\e[39m

 \e[38;5;243mon your plan: 16 runs need about 1.1 windows of the five-hour limit\e[39m
 \e[38;5;243meverything: agentium experiment plan lean-ab --details\e[39m
=== ctx-seq
                 \e[1m\e[38;5;75mBASELINE\e[39m\e[22m\e[38;5;243m  vs  \e[39m\e[1m\e[38;5;215mLEAN\e[39m\e[22m\e[38;5;243m   ·   \e[39mdoes lean save money?
 \e[38;5;243m───────────────────────────────────────────────────────────────────────────────\e[39m
             \e[38;5;243mlean-ab · 16 tasks · 32 runs · sonnet-5 · 2 at a time\e[39m

\e[38;5;114m╭─\e[39m \e[1mbefore it runs\e[22m \e[38;5;114m─────────────────────────────────────────────────────────────\e[39m\e[38;5;114m╮\e[39m
\e[38;5;114m│\e[39m \e[38;5;114m✓\e[39m everything is in place \e[38;5;243m(2 checks)\e[39m                                          \e[38;5;114m│\e[39m
\e[38;5;114m╰──────────────────────────────────────────────────────────────────────────────╯\e[39m

\e[38;5;243m╭─\e[39m \e[1mcan it answer?\e[22m \e[38;5;243m─────────────────────────────────────────────────────────────\e[39m\e[38;5;243m╮\e[39m
\e[38;5;243m│\e[39m this size can see    19% less cost, or 24% more                              \e[38;5;243m│\e[39m
\e[38;5;243m│\e[39m expected from size   about 4% less: the context is 4,575 tokens smaller      \e[38;5;243m│\e[39m
\e[38;5;243m│\e[39m likely result        \e[38;5;220mnot sure\e[39m                                                \e[38;5;243m│\e[39m
\e[38;5;243m│\e[39m \e[38;5;243mseeing 4% would take about 690 runs · size is not everything: a context that\e[0m \e[38;5;243m│\e[39m
\e[38;5;243m│\e[39m \e[38;5;243mchanges what the agent does can move cost more\e[39m                               \e[38;5;243m│\e[39m
\e[38;5;243m╰──────────────────────────────────────────────────────────────────────────────╯\e[39m

\e[38;5;243m╭─\e[39m \e[1mwhat it may spend\e[22m \e[38;5;243m──────────────────────────────────────────────────────────\e[39m\e[38;5;243m╮\e[39m
\e[38;5;243m│\e[39m likely        \e[38;5;220m██████████████████████████████████▏\e[39m\e[38;5;243m░░░░░░░░░░░░░░░░░░\e[39m   $25.35 \e[38;5;243m│\e[39m
\e[38;5;243m│\e[39m all tasks run \e[38;5;203m█████████████████████████████████████████████████████\e[39m   $39.36 \e[38;5;243m│\e[39m
\e[38;5;243m│\e[39m budget        \e[38;5;245m████████████████████████████████████████▍\e[39m\e[38;5;243m░░░░░░░░░░░░\e[39m      $30 \e[38;5;243m│\e[39m
\e[38;5;243m│\e[39m \e[38;5;243mlikely: if nothing changes, about 10.3 of 16 tasks are used\e[39m                  \e[38;5;243m│\e[39m
\e[38;5;243m│\e[39m \e[38;5;243mif every run hit its cap: $105.60\e[39m                                            \e[38;5;243m│\e[39m
\e[38;5;243m╰──────────────────────────────────────────────────────────────────────────────╯\e[39m

\e[38;5;243m╭─\e[39m \e[1mwhen it checks the answer\e[22m \e[38;5;243m──────────────────────────────────────────────────\e[39m\e[38;5;243m╮\e[39m
\e[38;5;243m│\e[39m check 1: 8 tasks   \e[38;5;114m████████████████████████\e[39m\e[38;5;243m░░░░░░░░░░░░░░░░░░░░░░░░\e[39m   $19.68 \e[38;5;243m│\e[39m
\e[38;5;243m│\e[39m check 2: 12 tasks  \e[38;5;203m████████████████████████████████████\e[39m\e[38;5;243m░░░░░░░░░░░░\e[39m   $29.52 \e[38;5;243m│\e[39m
\e[38;5;243m│\e[39m check 3: 16 tasks  \e[38;5;203m████████████████████████████████████████████████\e[39m   $39.36 \e[38;5;243m│\e[39m
\e[38;5;243m│\e[39m \e[38;5;243mit stops at the first check with a clear answer\e[39m                              \e[38;5;243m│\e[39m
\e[38;5;243m╰──────────────────────────────────────────────────────────────────────────────╯\e[39m

 \e[38;5;243mon your plan: 32 runs need about 2.3 windows of the five-hour limit\e[39m
 \e[38;5;243meverything: agentium experiment plan lean-ab --details\e[39m
=== model
            \e[1m\e[38;5;75mSONNET-5\e[39m\e[22m\e[38;5;243m  vs  \e[39m\e[1m\e[38;5;215mHAIKU-4-5\e[39m\e[22m\e[38;5;243m   ·   \e[39mdoes haiku-4-5 save money?
 \e[38;5;243m───────────────────────────────────────────────────────────────────────────────\e[39m
                   \e[38;5;243mlean-ab · 8 tasks · 16 runs · 2 at a time\e[39m

\e[38;5;114m╭─\e[39m \e[1mbefore it runs\e[22m \e[38;5;114m─────────────────────────────────────────────────────────────\e[39m\e[38;5;114m╮\e[39m
\e[38;5;114m│\e[39m \e[38;5;114m✓\e[39m everything is in place \e[38;5;243m(2 checks)\e[39m                                          \e[38;5;114m│\e[39m
\e[38;5;114m╰──────────────────────────────────────────────────────────────────────────────╯\e[39m

\e[38;5;243m╭─\e[39m \e[1mcan it answer?\e[22m \e[38;5;243m─────────────────────────────────────────────────────────────\e[39m\e[38;5;243m╮\e[39m
\e[38;5;243m│\e[39m this size can see    25% less cost, or 33% more                              \e[38;5;243m│\e[39m
\e[38;5;243m╰──────────────────────────────────────────────────────────────────────────────╯\e[39m

\e[38;5;243m╭─\e[39m \e[1mwhat it may spend\e[22m \e[38;5;243m──────────────────────────────────────────────────────────\e[39m\e[38;5;243m╮\e[39m
\e[38;5;243m│\e[39m likely        \e[38;5;114m███████████████████▊\e[39m\e[38;5;243m░░░░░░░░░░░░░░░░░░░░░░░░░░░░░░░░░\e[39m   $19.68 \e[38;5;243m│\e[39m
\e[38;5;243m│\e[39m worst case    \e[38;5;203m█████████████████████████████████████████████████████\e[39m   $52.80 \e[38;5;243m│\e[39m
\e[38;5;243m│\e[39m budget        \e[38;5;245m██████████████████████████████▏\e[39m\e[38;5;243m░░░░░░░░░░░░░░░░░░░░░░\e[39m      $30 \e[38;5;243m│\e[39m
\e[38;5;243m│\e[39m \e[38;5;243mworst case: every run hits its cap\e[39m                                           \e[38;5;243m│\e[39m
\e[38;5;243m╰──────────────────────────────────────────────────────────────────────────────╯\e[39m

 \e[38;5;243mon your plan: 16 runs need about 1.1 windows of the five-hour limit\e[39m
 \e[38;5;243meverything: agentium experiment plan lean-ab --details\e[39m
=== aa
            \e[1m\e[38;5;75mBASELINE\e[39m\e[22m\e[38;5;243m  vs  \e[39m\e[1m\e[38;5;215mLEAN\e[39m\e[22m\e[38;5;243m   ·   \e[39mchecking how much results vary
 \e[38;5;243m───────────────────────────────────────────────────────────────────────────────\e[39m
              \e[38;5;243mlean-ab · 8 tasks · 16 runs · sonnet-5 · 2 at a time\e[39m

\e[38;5;114m╭─\e[39m \e[1mbefore it runs\e[22m \e[38;5;114m─────────────────────────────────────────────────────────────\e[39m\e[38;5;114m╮\e[39m
\e[38;5;114m│\e[39m \e[38;5;114m✓\e[39m everything is in place \e[38;5;243m(2 checks)\e[39m                                          \e[38;5;114m│\e[39m
\e[38;5;114m╰──────────────────────────────────────────────────────────────────────────────╯\e[39m

\e[38;5;243m╭─\e[39m \e[1mcan it answer?\e[22m \e[38;5;243m─────────────────────────────────────────────────────────────\e[39m\e[38;5;243m╮\e[39m
\e[38;5;243m│\e[39m this size can see    25% less cost, or 33% more                              \e[38;5;243m│\e[39m
\e[38;5;243m╰──────────────────────────────────────────────────────────────────────────────╯\e[39m

\e[38;5;243m╭─\e[39m \e[1mwhat it may spend\e[22m \e[38;5;243m──────────────────────────────────────────────────────────\e[39m\e[38;5;243m╮\e[39m
\e[38;5;243m│\e[39m likely        \e[38;5;114m███████████████████▊\e[39m\e[38;5;243m░░░░░░░░░░░░░░░░░░░░░░░░░░░░░░░░░\e[39m   $19.68 \e[38;5;243m│\e[39m
\e[38;5;243m│\e[39m worst case    \e[38;5;203m█████████████████████████████████████████████████████\e[39m   $52.80 \e[38;5;243m│\e[39m
\e[38;5;243m│\e[39m budget        \e[38;5;245m██████████████████████████████▏\e[39m\e[38;5;243m░░░░░░░░░░░░░░░░░░░░░░\e[39m      $30 \e[38;5;243m│\e[39m
\e[38;5;243m│\e[39m \e[38;5;243mworst case: every run hits its cap\e[39m                                           \e[38;5;243m│\e[39m
\e[38;5;243m╰──────────────────────────────────────────────────────────────────────────────╯\e[39m

 \e[38;5;243mon your plan: 16 runs need about 1.1 windows of the five-hour limit\e[39m
 \e[38;5;243meverything: agentium experiment plan lean-ab --details\e[39m
=== better-below
              \e[1m\e[38;5;75mBASELINE\e[39m\e[22m\e[38;5;243m  vs  \e[39m\e[1m\e[38;5;215mLEAN\e[39m\e[22m\e[38;5;243m   ·   \e[39mdoes lean pass more tasks?
 \e[38;5;243m───────────────────────────────────────────────────────────────────────────────\e[39m
             \e[38;5;243mlean-ab · 12 tasks · 72 runs · sonnet-5 · 2 at a time\e[39m

\e[38;5;114m╭─\e[39m \e[1mbefore it runs\e[22m \e[38;5;114m─────────────────────────────────────────────────────────────\e[39m\e[38;5;114m╮\e[39m
\e[38;5;114m│\e[39m \e[38;5;114m✓\e[39m everything is in place \e[38;5;243m(2 checks)\e[39m                                          \e[38;5;114m│\e[39m
\e[38;5;114m╰──────────────────────────────────────────────────────────────────────────────╯\e[39m

\e[38;5;220m╭─\e[39m \e[1mcan it answer?\e[22m \e[38;5;220m─────────────────────────────────────────────────────────────\e[39m\e[38;5;220m╮\e[39m
\e[38;5;220m│\e[39m \e[38;5;220m! no answer on passes at this size: it needs 20 tasks of 3 runs each\e[39m         \e[38;5;220m│\e[39m
\e[38;5;220m╰──────────────────────────────────────────────────────────────────────────────╯\e[39m

\e[38;5;243m╭─\e[39m \e[1mwhat it may spend\e[22m \e[38;5;243m──────────────────────────────────────────────────────────\e[39m\e[38;5;243m╮\e[39m
\e[38;5;243m│\e[39m likely        \e[38;5;203m███████████████████▊\e[39m\e[38;5;243m░░░░░░░░░░░░░░░░░░░░░░░░░░░░░░░░░\e[39m   $88.56 \e[38;5;243m│\e[39m
\e[38;5;243m│\e[39m worst case    \e[38;5;203m█████████████████████████████████████████████████████\e[39m  $237.60 \e[38;5;243m│\e[39m
\e[38;5;243m│\e[39m budget        \e[38;5;245m██████▊\e[39m\e[38;5;243m░░░░░░░░░░░░░░░░░░░░░░░░░░░░░░░░░░░░░░░░░░░░░░\e[39m      $30 \e[38;5;243m│\e[39m
\e[38;5;243m│\e[39m \e[38;5;243mworst case: every run hits its cap\e[39m                                           \e[38;5;243m│\e[39m
\e[38;5;243m╰──────────────────────────────────────────────────────────────────────────────╯\e[39m

 \e[38;5;243mon your plan: 72 runs need about 5.1 windows of the five-hour limit\e[39m
 \e[38;5;243meverything: agentium experiment plan lean-ab --details\e[39m
=== better-above
              \e[1m\e[38;5;75mBASELINE\e[39m\e[22m\e[38;5;243m  vs  \e[39m\e[1m\e[38;5;215mLEAN\e[39m\e[22m\e[38;5;243m   ·   \e[39mdoes lean pass more tasks?
 \e[38;5;243m───────────────────────────────────────────────────────────────────────────────\e[39m
             \e[38;5;243mlean-ab · 20 tasks · 120 runs · sonnet-5 · 2 at a time\e[39m

\e[38;5;114m╭─\e[39m \e[1mbefore it runs\e[22m \e[38;5;114m─────────────────────────────────────────────────────────────\e[39m\e[38;5;114m╮\e[39m
\e[38;5;114m│\e[39m \e[38;5;114m✓\e[39m everything is in place \e[38;5;243m(2 checks)\e[39m                                          \e[38;5;114m│\e[39m
\e[38;5;114m╰──────────────────────────────────────────────────────────────────────────────╯\e[39m

\e[38;5;243m╭─\e[39m \e[1mcan it answer?\e[22m \e[38;5;243m─────────────────────────────────────────────────────────────\e[39m\e[38;5;243m╮\e[39m
\e[38;5;243m│\e[39m this size can see    a pass-rate change of 24 points or more                 \e[38;5;243m│\e[39m
\e[38;5;243m╰──────────────────────────────────────────────────────────────────────────────╯\e[39m

\e[38;5;243m╭─\e[39m \e[1mwhat it may spend\e[22m \e[38;5;243m──────────────────────────────────────────────────────────\e[39m\e[38;5;243m╮\e[39m
\e[38;5;243m│\e[39m likely        \e[38;5;203m███████████████████▊\e[39m\e[38;5;243m░░░░░░░░░░░░░░░░░░░░░░░░░░░░░░░░░\e[39m  $147.60 \e[38;5;243m│\e[39m
\e[38;5;243m│\e[39m worst case    \e[38;5;203m█████████████████████████████████████████████████████\e[39m     $396 \e[38;5;243m│\e[39m
\e[38;5;243m│\e[39m budget        \e[38;5;245m████\e[39m\e[38;5;243m░░░░░░░░░░░░░░░░░░░░░░░░░░░░░░░░░░░░░░░░░░░░░░░░░\e[39m      $30 \e[38;5;243m│\e[39m
\e[38;5;243m│\e[39m \e[38;5;243mworst case: every run hits its cap\e[39m                                           \e[38;5;243m│\e[39m
\e[38;5;243m╰──────────────────────────────────────────────────────────────────────────────╯\e[39m

 \e[38;5;243mon your plan: 120 runs need about 8.5 windows of the five-hour limit\e[39m
 \e[38;5;243meverything: agentium experiment plan lean-ab --details\e[39m
=== usage-some
                 \e[1m\e[38;5;75mBASELINE\e[39m\e[22m\e[38;5;243m  vs  \e[39m\e[1m\e[38;5;215mLEAN\e[39m\e[22m\e[38;5;243m   ·   \e[39mdoes lean save money?
 \e[38;5;243m───────────────────────────────────────────────────────────────────────────────\e[39m
              \e[38;5;243mlean-ab · 8 tasks · 16 runs · sonnet-5 · 2 at a time\e[39m

\e[38;5;114m╭─\e[39m \e[1mbefore it runs\e[22m \e[38;5;114m─────────────────────────────────────────────────────────────\e[39m\e[38;5;114m╮\e[39m
\e[38;5;114m│\e[39m \e[38;5;114m✓\e[39m everything is in place \e[38;5;243m(2 checks)\e[39m                                          \e[38;5;114m│\e[39m
\e[38;5;114m╰──────────────────────────────────────────────────────────────────────────────╯\e[39m

\e[38;5;243m╭─\e[39m \e[1mcan it answer?\e[22m \e[38;5;243m─────────────────────────────────────────────────────────────\e[39m\e[38;5;243m╮\e[39m
\e[38;5;243m│\e[39m this size can see    25% less cost, or 33% more                              \e[38;5;243m│\e[39m
\e[38;5;243m│\e[39m expected from size   about 4% less: the context is 4,575 tokens smaller      \e[38;5;243m│\e[39m
\e[38;5;243m│\e[39m likely result        \e[38;5;220mnot sure\e[39m                                                \e[38;5;243m│\e[39m
\e[38;5;243m│\e[39m \e[38;5;243mseeing 4% would take about 690 runs · size is not everything: a context that\e[0m \e[38;5;243m│\e[39m
\e[38;5;243m│\e[39m \e[38;5;243mchanges what the agent does can move cost more\e[39m                               \e[38;5;243m│\e[39m
\e[38;5;243m╰──────────────────────────────────────────────────────────────────────────────╯\e[39m

\e[38;5;243m╭─\e[39m \e[1mwhat it may spend\e[22m \e[38;5;243m──────────────────────────────────────────────────────────\e[39m\e[38;5;243m╮\e[39m
\e[38;5;243m│\e[39m likely        \e[38;5;114m███████████████████▊\e[39m\e[38;5;243m░░░░░░░░░░░░░░░░░░░░░░░░░░░░░░░░░\e[39m   $19.68 \e[38;5;243m│\e[39m
\e[38;5;243m│\e[39m worst case    \e[38;5;203m█████████████████████████████████████████████████████\e[39m   $52.80 \e[38;5;243m│\e[39m
\e[38;5;243m│\e[39m budget        \e[38;5;245m██████████████████████████████▏\e[39m\e[38;5;243m░░░░░░░░░░░░░░░░░░░░░░\e[39m      $30 \e[38;5;243m│\e[39m
\e[38;5;243m│\e[39m \e[38;5;243mworst case: every run hits its cap\e[39m                                           \e[38;5;243m│\e[39m
\e[38;5;243m╰──────────────────────────────────────────────────────────────────────────────╯\e[39m

\e[38;5;243m╭─\e[39m \e[1myour plan\e[22m \e[38;5;243m──────────────────────────────────────────────────────────────────\e[39m\e[38;5;243m╮\e[39m
\e[38;5;243m│\e[39m five-hour limit  \e[38;5;114m█████████████████████████\e[39m\e[38;5;243m░░░░░░░░░░░░░░░░\e[39m|\e[38;5;243m░░░░░░░\e[39m  51% used \e[38;5;243m│\e[39m
\e[38;5;243m│\e[39m \e[38;5;243mread 30 min ago · runs pause at 85% · by that reading about 5 more runs fit\e[0m  \e[38;5;243m│\e[39m
\e[38;5;243m│\e[39m \e[38;5;243m· this experiment needs about 1.1 limits: it pauses and goes on after the\e[0m    \e[38;5;243m│\e[39m
\e[38;5;243m│\e[39m \e[38;5;243mreset (add --wait)\e[39m                                                           \e[38;5;243m│\e[39m
\e[38;5;243m╰──────────────────────────────────────────────────────────────────────────────╯\e[39m

 \e[38;5;243meverything: agentium experiment plan lean-ab --details\e[39m
=== usage-past
                 \e[1m\e[38;5;75mBASELINE\e[39m\e[22m\e[38;5;243m  vs  \e[39m\e[1m\e[38;5;215mLEAN\e[39m\e[22m\e[38;5;243m   ·   \e[39mdoes lean save money?
 \e[38;5;243m───────────────────────────────────────────────────────────────────────────────\e[39m
              \e[38;5;243mlean-ab · 8 tasks · 16 runs · sonnet-5 · 2 at a time\e[39m

\e[38;5;114m╭─\e[39m \e[1mbefore it runs\e[22m \e[38;5;114m─────────────────────────────────────────────────────────────\e[39m\e[38;5;114m╮\e[39m
\e[38;5;114m│\e[39m \e[38;5;114m✓\e[39m everything is in place \e[38;5;243m(2 checks)\e[39m                                          \e[38;5;114m│\e[39m
\e[38;5;114m╰──────────────────────────────────────────────────────────────────────────────╯\e[39m

\e[38;5;243m╭─\e[39m \e[1mcan it answer?\e[22m \e[38;5;243m─────────────────────────────────────────────────────────────\e[39m\e[38;5;243m╮\e[39m
\e[38;5;243m│\e[39m this size can see    25% less cost, or 33% more                              \e[38;5;243m│\e[39m
\e[38;5;243m│\e[39m expected from size   about 4% less: the context is 4,575 tokens smaller      \e[38;5;243m│\e[39m
\e[38;5;243m│\e[39m likely result        \e[38;5;220mnot sure\e[39m                                                \e[38;5;243m│\e[39m
\e[38;5;243m│\e[39m \e[38;5;243mseeing 4% would take about 690 runs · size is not everything: a context that\e[0m \e[38;5;243m│\e[39m
\e[38;5;243m│\e[39m \e[38;5;243mchanges what the agent does can move cost more\e[39m                               \e[38;5;243m│\e[39m
\e[38;5;243m╰──────────────────────────────────────────────────────────────────────────────╯\e[39m

\e[38;5;243m╭─\e[39m \e[1mwhat it may spend\e[22m \e[38;5;243m──────────────────────────────────────────────────────────\e[39m\e[38;5;243m╮\e[39m
\e[38;5;243m│\e[39m likely        \e[38;5;114m███████████████████▊\e[39m\e[38;5;243m░░░░░░░░░░░░░░░░░░░░░░░░░░░░░░░░░\e[39m   $19.68 \e[38;5;243m│\e[39m
\e[38;5;243m│\e[39m worst case    \e[38;5;203m█████████████████████████████████████████████████████\e[39m   $52.80 \e[38;5;243m│\e[39m
\e[38;5;243m│\e[39m budget        \e[38;5;245m██████████████████████████████▏\e[39m\e[38;5;243m░░░░░░░░░░░░░░░░░░░░░░\e[39m      $30 \e[38;5;243m│\e[39m
\e[38;5;243m│\e[39m \e[38;5;243mworst case: every run hits its cap\e[39m                                           \e[38;5;243m│\e[39m
\e[38;5;243m╰──────────────────────────────────────────────────────────────────────────────╯\e[39m

\e[38;5;243m╭─\e[39m \e[1myour plan\e[22m \e[38;5;243m──────────────────────────────────────────────────────────────────\e[39m\e[38;5;243m╮\e[39m
\e[38;5;243m│\e[39m five-hour limit  \e[38;5;203m█████████████████████████████████████████\e[39m|\e[38;5;203m██▏\e[39m\e[38;5;243m░░░░\e[39m  90% used \e[38;5;243m│\e[39m
\e[38;5;243m│\e[39m \e[38;5;243mread 30 min ago · runs pause at 85% · by that reading no run fits · this\e[0m     \e[38;5;243m│\e[39m
\e[38;5;243m│\e[39m \e[38;5;243mexperiment needs about 1.1 limits: it pauses and goes on after the reset\e[0m     \e[38;5;243m│\e[39m
\e[38;5;243m│\e[39m \e[38;5;243m(add --wait)\e[39m                                                                 \e[38;5;243m│\e[39m
\e[38;5;243m╰──────────────────────────────────────────────────────────────────────────────╯\e[39m

 \e[38;5;243meverything: agentium experiment plan lean-ab --details\e[39m
=== usage-all
                 \e[1m\e[38;5;75mBASELINE\e[39m\e[22m\e[38;5;243m  vs  \e[39m\e[1m\e[38;5;215mLEAN\e[39m\e[22m\e[38;5;243m   ·   \e[39mdoes lean save money?
 \e[38;5;243m───────────────────────────────────────────────────────────────────────────────\e[39m
              \e[38;5;243mlean-ab · 6 tasks · 12 runs · sonnet-5 · 2 at a time\e[39m

\e[38;5;114m╭─\e[39m \e[1mbefore it runs\e[22m \e[38;5;114m─────────────────────────────────────────────────────────────\e[39m\e[38;5;114m╮\e[39m
\e[38;5;114m│\e[39m \e[38;5;114m✓\e[39m everything is in place \e[38;5;243m(2 checks)\e[39m                                          \e[38;5;114m│\e[39m
\e[38;5;114m╰──────────────────────────────────────────────────────────────────────────────╯\e[39m

\e[38;5;220m╭─\e[39m \e[1mcan it answer?\e[22m \e[38;5;220m─────────────────────────────────────────────────────────────\e[39m\e[38;5;220m╮\e[39m
\e[38;5;220m│\e[39m \e[38;5;220m! no answer on cost at this size: it needs 8 tasks of 1 run each\e[39m             \e[38;5;220m│\e[39m
\e[38;5;220m╰──────────────────────────────────────────────────────────────────────────────╯\e[39m

\e[38;5;243m╭─\e[39m \e[1mwhat it may spend\e[22m \e[38;5;243m──────────────────────────────────────────────────────────\e[39m\e[38;5;243m╮\e[39m
\e[38;5;243m│\e[39m likely        \e[38;5;114m███████████████████▊\e[39m\e[38;5;243m░░░░░░░░░░░░░░░░░░░░░░░░░░░░░░░░░\e[39m   $14.76 \e[38;5;243m│\e[39m
\e[38;5;243m│\e[39m worst case    \e[38;5;203m█████████████████████████████████████████████████████\e[39m   $39.60 \e[38;5;243m│\e[39m
\e[38;5;243m│\e[39m budget        \e[38;5;245m████████████████████████████████████████▏\e[39m\e[38;5;243m░░░░░░░░░░░░\e[39m      $30 \e[38;5;243m│\e[39m
\e[38;5;243m│\e[39m \e[38;5;243mworst case: every run hits its cap\e[39m                                           \e[38;5;243m│\e[39m
\e[38;5;243m╰──────────────────────────────────────────────────────────────────────────────╯\e[39m

\e[38;5;243m╭─\e[39m \e[1myour plan\e[22m \e[38;5;243m──────────────────────────────────────────────────────────────────\e[39m\e[38;5;243m╮\e[39m
\e[38;5;243m│\e[39m five-hour limit  \e[38;5;114m█\e[39m\e[38;5;243m░░░░░░░░░░░░░░░░░░░░░░░░░░░░░░░░░░░░░░░░\e[39m|\e[38;5;243m░░░░░░░\e[39m   2% used \e[38;5;243m│\e[39m
\e[38;5;243m│\e[39m \e[38;5;243mread 30 min ago · by that reading every run fits · this experiment needs\e[0m     \e[38;5;243m│\e[39m
\e[38;5;243m│\e[39m \e[38;5;243mabout 0.8 limits\e[39m                                                             \e[38;5;243m│\e[39m
\e[38;5;243m╰──────────────────────────────────────────────────────────────────────────────╯\e[39m

 \e[38;5;243meverything: agentium experiment plan lean-ab --details\e[39m
=== api-key
                 \e[1m\e[38;5;75mBASELINE\e[39m\e[22m\e[38;5;243m  vs  \e[39m\e[1m\e[38;5;215mLEAN\e[39m\e[22m\e[38;5;243m   ·   \e[39mdoes lean save money?
 \e[38;5;243m───────────────────────────────────────────────────────────────────────────────\e[39m
              \e[38;5;243mlean-ab · 8 tasks · 16 runs · sonnet-5 · 2 at a time\e[39m

\e[38;5;114m╭─\e[39m \e[1mbefore it runs\e[22m \e[38;5;114m─────────────────────────────────────────────────────────────\e[39m\e[38;5;114m╮\e[39m
\e[38;5;114m│\e[39m \e[38;5;114m✓\e[39m everything is in place \e[38;5;243m(2 checks)\e[39m                                          \e[38;5;114m│\e[39m
\e[38;5;114m╰──────────────────────────────────────────────────────────────────────────────╯\e[39m

\e[38;5;243m╭─\e[39m \e[1mcan it answer?\e[22m \e[38;5;243m─────────────────────────────────────────────────────────────\e[39m\e[38;5;243m╮\e[39m
\e[38;5;243m│\e[39m this size can see    25% less cost, or 33% more                              \e[38;5;243m│\e[39m
\e[38;5;243m│\e[39m expected from size   about 4% less: the context is 4,575 tokens smaller      \e[38;5;243m│\e[39m
\e[38;5;243m│\e[39m likely result        \e[38;5;220mnot sure\e[39m                                                \e[38;5;243m│\e[39m
\e[38;5;243m│\e[39m \e[38;5;243mseeing 4% would take about 690 runs · size is not everything: a context that\e[0m \e[38;5;243m│\e[39m
\e[38;5;243m│\e[39m \e[38;5;243mchanges what the agent does can move cost more\e[39m                               \e[38;5;243m│\e[39m
\e[38;5;243m╰──────────────────────────────────────────────────────────────────────────────╯\e[39m

\e[38;5;243m╭─\e[39m \e[1mwhat it may spend\e[22m \e[38;5;243m──────────────────────────────────────────────────────────\e[39m\e[38;5;243m╮\e[39m
\e[38;5;243m│\e[39m likely        \e[38;5;114m███████████████████▊\e[39m\e[38;5;243m░░░░░░░░░░░░░░░░░░░░░░░░░░░░░░░░░\e[39m   $19.68 \e[38;5;243m│\e[39m
\e[38;5;243m│\e[39m worst case    \e[38;5;203m█████████████████████████████████████████████████████\e[39m   $52.80 \e[38;5;243m│\e[39m
\e[38;5;243m│\e[39m budget        \e[38;5;245m██████████████████████████████▏\e[39m\e[38;5;243m░░░░░░░░░░░░░░░░░░░░░░\e[39m      $30 \e[38;5;243m│\e[39m
\e[38;5;243m│\e[39m \e[38;5;243mworst case: every run hits its cap\e[39m                                           \e[38;5;243m│\e[39m
\e[38;5;243m╰──────────────────────────────────────────────────────────────────────────────╯\e[39m

 \e[38;5;243meverything: agentium experiment plan lean-ab --details\e[39m
=== cautions
              \e[1m\e[38;5;75mBASELINE\e[39m\e[22m\e[38;5;243m  vs  \e[39m\e[1m\e[38;5;215mLEAN\e[39m\e[22m\e[38;5;243m   ·   \e[39mdoes lean pass more tasks?
 \e[38;5;243m───────────────────────────────────────────────────────────────────────────────\e[39m
             \e[38;5;243mlean-ab · 20 tasks · 120 runs · sonnet-5 · 2 at a time\e[39m

\e[38;5;114m╭─\e[39m \e[1mbefore it runs\e[22m \e[38;5;114m─────────────────────────────────────────────────────────────\e[39m\e[38;5;114m╮\e[39m
\e[38;5;114m│\e[39m \e[38;5;114m✓\e[39m everything is in place \e[38;5;243m(2 checks)\e[39m                                          \e[38;5;114m│\e[39m
\e[38;5;114m│\e[39m \e[38;5;220m!\e[39m 3 tasks passed every time, may not separate: parse-dates, retry-http,      \e[38;5;114m│\e[39m
\e[38;5;114m│\e[39m   rename-flag                                                                \e[38;5;114m│\e[39m
\e[38;5;114m│\e[39m \e[38;5;220m!\e[39m 2 tasks never passed, check their text: cache-race, tz-shift               \e[38;5;114m│\e[39m
\e[38;5;114m╰──────────────────────────────────────────────────────────────────────────────╯\e[39m

\e[38;5;243m╭─\e[39m \e[1mcan it answer?\e[22m \e[38;5;243m─────────────────────────────────────────────────────────────\e[39m\e[38;5;243m╮\e[39m
\e[38;5;243m│\e[39m this size can see    a pass-rate change of 24 points or more                 \e[38;5;243m│\e[39m
\e[38;5;243m╰──────────────────────────────────────────────────────────────────────────────╯\e[39m

\e[38;5;243m╭─\e[39m \e[1mwhat it may spend\e[22m \e[38;5;243m──────────────────────────────────────────────────────────\e[39m\e[38;5;243m╮\e[39m
\e[38;5;243m│\e[39m likely        \e[38;5;203m███████████████████▊\e[39m\e[38;5;243m░░░░░░░░░░░░░░░░░░░░░░░░░░░░░░░░░\e[39m  $147.60 \e[38;5;243m│\e[39m
\e[38;5;243m│\e[39m worst case    \e[38;5;203m█████████████████████████████████████████████████████\e[39m     $396 \e[38;5;243m│\e[39m
\e[38;5;243m│\e[39m budget        \e[38;5;245m████\e[39m\e[38;5;243m░░░░░░░░░░░░░░░░░░░░░░░░░░░░░░░░░░░░░░░░░░░░░░░░░\e[39m      $30 \e[38;5;243m│\e[39m
\e[38;5;243m│\e[39m \e[38;5;243mworst case: every run hits its cap\e[39m                                           \e[38;5;243m│\e[39m
\e[38;5;243m╰──────────────────────────────────────────────────────────────────────────────╯\e[39m

 \e[38;5;243mon your plan: 120 runs need about 8.5 windows of the five-hour limit\e[39m
 \e[38;5;243meverything: agentium experiment plan lean-ab --details\e[39m
=== cautions-long
              \e[1m\e[38;5;75mBASELINE\e[39m\e[22m\e[38;5;243m  vs  \e[39m\e[1m\e[38;5;215mLEAN\e[39m\e[22m\e[38;5;243m   ·   \e[39mdoes lean pass more tasks?
 \e[38;5;243m───────────────────────────────────────────────────────────────────────────────\e[39m
             \e[38;5;243mlean-ab · 20 tasks · 120 runs · sonnet-5 · 2 at a time\e[39m

\e[38;5;114m╭─\e[39m \e[1mbefore it runs\e[22m \e[38;5;114m─────────────────────────────────────────────────────────────\e[39m\e[38;5;114m╮\e[39m
\e[38;5;114m│\e[39m \e[38;5;114m✓\e[39m everything is in place \e[38;5;243m(2 checks)\e[39m                                          \e[38;5;114m│\e[39m
\e[38;5;114m│\e[39m \e[38;5;220m!\e[39m 30 tasks passed every time, may not separate: task-00, task-01, task-02,   \e[38;5;114m│\e[39m
\e[38;5;114m│\e[39m   task-03, task-04, task-05, task-06, task-07 + 22 more: agentium task list  \e[38;5;114m│\e[39m
\e[38;5;114m│\e[39m \e[38;5;220m!\e[39m 1 task never passed, check its text: only-one                              \e[38;5;114m│\e[39m
\e[38;5;114m╰──────────────────────────────────────────────────────────────────────────────╯\e[39m

\e[38;5;243m╭─\e[39m \e[1mcan it answer?\e[22m \e[38;5;243m─────────────────────────────────────────────────────────────\e[39m\e[38;5;243m╮\e[39m
\e[38;5;243m│\e[39m this size can see    a pass-rate change of 24 points or more                 \e[38;5;243m│\e[39m
\e[38;5;243m╰──────────────────────────────────────────────────────────────────────────────╯\e[39m

\e[38;5;243m╭─\e[39m \e[1mwhat it may spend\e[22m \e[38;5;243m──────────────────────────────────────────────────────────\e[39m\e[38;5;243m╮\e[39m
\e[38;5;243m│\e[39m likely        \e[38;5;203m███████████████████▊\e[39m\e[38;5;243m░░░░░░░░░░░░░░░░░░░░░░░░░░░░░░░░░\e[39m  $147.60 \e[38;5;243m│\e[39m
\e[38;5;243m│\e[39m worst case    \e[38;5;203m█████████████████████████████████████████████████████\e[39m     $396 \e[38;5;243m│\e[39m
\e[38;5;243m│\e[39m budget        \e[38;5;245m████\e[39m\e[38;5;243m░░░░░░░░░░░░░░░░░░░░░░░░░░░░░░░░░░░░░░░░░░░░░░░░░\e[39m      $30 \e[38;5;243m│\e[39m
\e[38;5;243m│\e[39m \e[38;5;243mworst case: every run hits its cap\e[39m                                           \e[38;5;243m│\e[39m
\e[38;5;243m╰──────────────────────────────────────────────────────────────────────────────╯\e[39m

 \e[38;5;243mon your plan: 120 runs need about 8.5 windows of the five-hour limit\e[39m
 \e[38;5;243meverything: agentium experiment plan lean-ab --details\e[39m
=== tiny
                 \e[1m\e[38;5;75mBASELINE\e[39m\e[22m\e[38;5;243m  vs  \e[39m\e[1m\e[38;5;215mLEAN\e[39m\e[22m\e[38;5;243m   ·   \e[39mdoes lean save money?
 \e[38;5;243m───────────────────────────────────────────────────────────────────────────────\e[39m
              \e[38;5;243mlean-ab · 8 tasks · 16 runs · sonnet-5 · 2 at a time\e[39m

\e[38;5;114m╭─\e[39m \e[1mbefore it runs\e[22m \e[38;5;114m─────────────────────────────────────────────────────────────\e[39m\e[38;5;114m╮\e[39m
\e[38;5;114m│\e[39m \e[38;5;114m✓\e[39m everything is in place \e[38;5;243m(2 checks)\e[39m                                          \e[38;5;114m│\e[39m
\e[38;5;114m╰──────────────────────────────────────────────────────────────────────────────╯\e[39m

\e[38;5;243m╭─\e[39m \e[1mcan it answer?\e[22m \e[38;5;243m─────────────────────────────────────────────────────────────\e[39m\e[38;5;243m╮\e[39m
\e[38;5;243m│\e[39m this size can see    25% less cost, or 33% more                              \e[38;5;243m│\e[39m
\e[38;5;243m│\e[39m expected from size   under 0.1% less: the context is 4 tokens smaller        \e[38;5;243m│\e[39m
\e[38;5;243m│\e[39m likely result        \e[38;5;220mnot sure\e[39m                                                \e[38;5;243m│\e[39m
\e[38;5;243m│\e[39m \e[38;5;243mseeing under 0.1% would take more than 10,000 runs · size is not everything:\e[0m \e[38;5;243m│\e[39m
\e[38;5;243m│\e[39m \e[38;5;243ma context that changes what the agent does can move cost more\e[39m                \e[38;5;243m│\e[39m
\e[38;5;243m╰──────────────────────────────────────────────────────────────────────────────╯\e[39m

\e[38;5;243m╭─\e[39m \e[1mwhat it may spend\e[22m \e[38;5;243m──────────────────────────────────────────────────────────\e[39m\e[38;5;243m╮\e[39m
\e[38;5;243m│\e[39m likely        \e[38;5;114m███████████████████▊\e[39m\e[38;5;243m░░░░░░░░░░░░░░░░░░░░░░░░░░░░░░░░░\e[39m   $19.68 \e[38;5;243m│\e[39m
\e[38;5;243m│\e[39m worst case    \e[38;5;203m█████████████████████████████████████████████████████\e[39m   $52.80 \e[38;5;243m│\e[39m
\e[38;5;243m│\e[39m budget        \e[38;5;245m██████████████████████████████▏\e[39m\e[38;5;243m░░░░░░░░░░░░░░░░░░░░░░\e[39m      $30 \e[38;5;243m│\e[39m
\e[38;5;243m│\e[39m \e[38;5;243mworst case: every run hits its cap\e[39m                                           \e[38;5;243m│\e[39m
\e[38;5;243m╰──────────────────────────────────────────────────────────────────────────────╯\e[39m

 \e[38;5;243mon your plan: 16 runs need about 1.1 windows of the five-hour limit\e[39m
 \e[38;5;243meverything: agentium experiment plan lean-ab --details\e[39m
=== end
