=== copying
             BASELINE  vs  TRIMMED   ·   does trimmed save money?
 ──────────────────────────────────────────────────────────────────────────────
  runs     ░░░░░░░░░░░░░░░░░░░░░░░░░░░░░░░░░░░░░   0 of 32 · 2s
  spent    $0.00 of $5

  now      baseline  map-keys      copying                2s


  so far   too early to tell
           no grades yet · first check after 8 tasks





           Ctrl-C stops · run it again to go on
=== fetching dependencies
             BASELINE  vs  TRIMMED   ·   does trimmed save money?
 ──────────────────────────────────────────────────────────────────────────────
  runs     ░░░░░░░░░░░░░░░░░░░░░░░░░░░░░░░░░░░░░   0 of 32 · 1m14s
  spent    $0.00 of $5

  now      baseline  map-keys      fetching dependencies  1m12s


  so far   too early to tell
           no grades yet · first check after 8 tasks





           Ctrl-C stops · run it again to go on
=== running the setup
             BASELINE  vs  TRIMMED   ·   does trimmed save money?
 ──────────────────────────────────────────────────────────────────────────────
  runs     ░░░░░░░░░░░░░░░░░░░░░░░░░░░░░░░░░░░░░   0 of 32 · 1m18s
  spent    $0.00 of $5

  now      baseline  map-keys      running setup          4s


  so far   too early to tell
           no grades yet · first check after 8 tasks





           Ctrl-C stops · run it again to go on
=== starting the sandbox
             BASELINE  vs  TRIMMED   ·   does trimmed save money?
 ──────────────────────────────────────────────────────────────────────────────
  runs     ░░░░░░░░░░░░░░░░░░░░░░░░░░░░░░░░░░░░░   0 of 32 · 3m20s
  spent    $0.00 of $5

  now      baseline  map-keys      hidden tests           2s


  so far   too early to tell
           no grades yet · first check after 8 tasks





           Ctrl-C stops · run it again to go on
=== running the tests
             BASELINE  vs  TRIMMED   ·   does trimmed save money?
 ──────────────────────────────────────────────────────────────────────────────
  runs     ░░░░░░░░░░░░░░░░░░░░░░░░░░░░░░░░░░░░░   0 of 32 · 3m58s
  spent    $0.00 of $5

  now      baseline  map-keys      hidden tests           40s


  so far   too early to tell
           no grades yet · first check after 8 tasks





           Ctrl-C stops · run it again to go on
=== cleaning up
             BASELINE  vs  TRIMMED   ·   does trimmed save money?
 ──────────────────────────────────────────────────────────────────────────────
  runs     ░░░░░░░░░░░░░░░░░░░░░░░░░░░░░░░░░░░░░   0 of 32 · 3m59s
  spent    $0.00 of $5

  now      baseline  map-keys      cleaning up            2s


  so far   too early to tell
           no grades yet · first check after 8 tasks





           Ctrl-C stops · run it again to go on
=== a folder quarantined
             BASELINE  vs  TRIMMED   ·   does trimmed save money?
 ──────────────────────────────────────────────────────────────────────────────
  runs     ░░░░░░░░░░░░░░░░░░░░░░░░░░░░░░░░░░░░░   0 of 32 · 3m59s
  spent    $0.00 of $5

  now      baseline  map-keys      cleaning up            2s
           cleanup quarantined a folder it could not remove

  so far   too early to tell
           no grades yet · first check after 8 tasks





           Ctrl-C stops · run it again to go on
=== passed
             BASELINE  vs  TRIMMED   ·   does trimmed save money?
 ──────────────────────────────────────────────────────────────────────────────
  runs     █▏░░░░░░░░░░░░░░░░░░░░░░░░░░░░░░░░░░░   1 of 32 · 3m59s
  spent    $0.09 of $5

  now      cleanup quarantined a folder it could not remove


  so far   too early to tell
           passed: baseline 1/1 · trimmed 0/0 · first check after 8 tasks

  last     ✓ baseline  map-keys       $0.09  3m59s



           Ctrl-C stops · run it again to go on
=== running the tests on the host
             BASELINE  vs  TRIMMED   ·   does trimmed save money?
 ──────────────────────────────────────────────────────────────────────────────
  runs     ░░░░░░░░░░░░░░░░░░░░░░░░░░░░░░░░░░░░░   0 of 32 · 9s
  spent    $0.00 of $5
           ! hidden tests run on your machine, outside the sandbox

  now      baseline  map-keys      hidden tests           9s


  so far   too early to tell
           no grades yet · first check after 8 tasks





           Ctrl-C stops · run it again to go on
=== the sandbox unavailable, running
             BASELINE  vs  TRIMMED   ·   does trimmed save money?
 ──────────────────────────────────────────────────────────────────────────────
  runs     ░░░░░░░░░░░░░░░░░░░░░░░░░░░░░░░░░░░░░   0 of 32 · 0s
  spent    $0.00 of $5

  now      baseline  map-keys      sandbox unavailable    0s


  so far   too early to tell
           no grades yet · first check after 8 tasks





           Ctrl-C stops · run it again to go on
=== the sandbox unavailable, a retry
             BASELINE  vs  TRIMMED   ·   does trimmed save money?
 ──────────────────────────────────────────────────────────────────────────────
  runs     ░░░░░░░░░░░░░░░░░░░░░░░░░░░░░░░░░░░░░   0 of 32 · 0s
  spent    $0.08 of $5

  now      retrying map-keys for baseline in 30s: it failed, not by Claude's
           doing

  so far   too early to tell
           no grades yet · first check after 8 tasks

  last     – baseline  map-k…   $0.08     0s  sandbox unavailable · not counted



           Ctrl-C stops · run it again to go on
=== the sandbox unavailable, no retry
             BASELINE  vs  TRIMMED   ·   does trimmed save money?
 ──────────────────────────────────────────────────────────────────────────────
  runs     ░░░░░░░░░░░░░░░░░░░░░░░░░░░░░░░░░░░░░   0 of 32 · 0s
  spent    $0.08 of $5

  now      starting the next run


  so far   too early to tell
           no grades yet · first check after 8 tasks

  last     – baseline  map-k…   $0.08     0s  sandbox unavailable · not counted



           Ctrl-C stops · run it again to go on
=== flagged denials
             BASELINE  vs  TRIMMED   ·   does trimmed save money?
 ──────────────────────────────────────────────────────────────────────────────
  runs     █▏░░░░░░░░░░░░░░░░░░░░░░░░░░░░░░░░░░░   1 of 32 · 0s
  spent    $0.10 of $5

  now      starting the next run


  so far   too early to tell
           no grades yet · first check after 8 tasks

  last     – baseline  map-k…   $0.10     0s  blocked: a system service lookup…



           Ctrl-C stops · run it again to go on
=== ASCII, copying
             BASELINE  vs  TRIMMED   -   does trimmed save money?
 ------------------------------------------------------------------------------
  runs     .....................................   0 of 32 - 2s
  spent    $0.00 of $5

  now      baseline  map-keys      copying                2s


  so far   too early to tell
           no grades yet - first check after 8 tasks





           Ctrl-C stops - run it again to go on
=== end
