=== 60 columns
BASELINE 1  vs  BASELINE 2   ·   checking how much results …
 ───────────────────────────────────────────────────────────
         10 tasks · 20 runs · $7.32 spent · 20 min

  ┌──────────────────────────────────────────────────────┐
  │                      the answer                      │
  │             no clear difference in cost              │
  │  the same setup's cost varies by about 17% from run  │
  │                        to run                        │
  │            after all 10 tasks · not sure             │
  │                                                      │
  │  cheaper ◀ ──────━━━━━━━━│●━━━━━━━━━━─── ▶ costlier  │
  │                        same                          │
  │             likely 14% less to 19% more              │
  └──────────────────────────────────────────────────────┘

  ┌────────────────────────────────────────────────────────┐
  │                       baseline 1                       │
  │ █████████████████████▋░░░░░░░░░░░░░░░░░░░░░░░░░░░░░░░░ │
  │ 4 of 10 passed                                         │
  │ typical cost  $0.35 a task                             │
  │ typical time  44s a task                               │
  └────────────────────────────────────────────────────────┘
  ┌────────────────────────────────────────────────────────┐
  │                       baseline 2                       │
  │ ████████████████████████████████████████████████▋░░░░░ │
  │ 9 of 10 passed                                         │
  │ typical cost  $0.36 a task                             │
  │ typical time  44s a task                               │
  └────────────────────────────────────────────────────────┘

  every task  baseline 1   baseline 2
  they differ · 7
  task-1    ✗ $0.42      ✓ $0.33
  task-4    ✗ $0.36      ✓ $0.35
  task-5    ✗ $0.49      ✓ $0.39
  task-6    ✗ $0.25      ✓ $0.31
  task-7    ✓ $0.32      ✗ $0.33
  task-8    ✗ $0.46      ✓ $0.57
  task-9    ✗ $0.23      ✓ $0.31
  both passed · 3
  task-0    ✓ $0.27      ✓ $0.35
  task-2    ✓ $0.58      ✓ $0.44
  task-3    ✓ $0.30      ✓ $0.26

  the numbers behind this:
  agentium experiment report aa-1run --details
=== 80 columns
        BASELINE 1  vs  BASELINE 2   ·   checking how much results vary
 ───────────────────────────────────────────────────────────────────────────────
                   10 tasks · 20 runs · $7.32 spent · 20 min

       ┌───────────────────────────────────────────────────────────────┐
       │                          the answer                           │
       │                  no clear difference in cost                  │
       │   the same setup's cost varies by about 17% from run to run   │
       │                 after all 10 tasks · not sure                 │
       │                                                               │
       │  cheaper ◀ ────────━━━━━━━━━━━●━━━━━━━━━━━━━━──── ▶ costlier  │
       │                             same                              │
       │                  likely 14% less to 19% more                  │
       └───────────────────────────────────────────────────────────────┘

  ┌───────────────────────────────────┐    ┌───────────────────────────────────┐
  │            baseline 1             │    │            baseline 2             │
  │ █████████████▎░░░░░░░░░░░░░░░░░░░ │    │ █████████████████████████████▊░░░ │
  │ 4 of 10 passed                    │    │ 9 of 10 passed                    │
  │ typical cost  $0.35 a task        │    │ typical cost  $0.36 a task        │
  │ typical time  44s a task          │    │ typical time  44s a task          │
  └───────────────────────────────────┘    └───────────────────────────────────┘

  every task  baseline 1             baseline 2
  they differ · 7
  task-1    ✗ ████████▋    $0.42   ✓ ██████▉      $0.33
  task-4    ✗ ███████▍     $0.36   ✓ ███████▏     $0.35
  task-5    ✗ ██████████▏  $0.49   ✓ ████████     $0.39
  task-6    ✗ █████▏       $0.25   ✓ ██████▍      $0.31
  task-7    ✓ ██████▌      $0.32   ✗ ██████▊      $0.33
  task-8    ✗ █████████▍   $0.46   ✓ ███████████▊ $0.57
  task-9    ✗ ████▊        $0.23   ✓ ██████▎      $0.31
  both passed · 3
  task-0    ✓ █████▌       $0.27   ✓ ███████▏     $0.35
  task-2    ✓ ████████████ $0.58   ✓ █████████▏   $0.44
  task-3    ✓ ██████▏      $0.30   ✓ █████▍       $0.26

  the numbers behind this: agentium experiment report aa-1run --details
=== 100 columns
                  BASELINE 1  vs  BASELINE 2   ·   checking how much results vary
 ───────────────────────────────────────────────────────────────────────────────────────────────────
                             10 tasks · 20 runs · $7.32 spent · 20 min

                 ┌───────────────────────────────────────────────────────────────┐
                 │                          the answer                           │
                 │                  no clear difference in cost                  │
                 │   the same setup's cost varies by about 17% from run to run   │
                 │                 after all 10 tasks · not sure                 │
                 │                                                               │
                 │  cheaper ◀ ────────━━━━━━━━━━━●━━━━━━━━━━━━━━──── ▶ costlier  │
                 │                             same                              │
                 │                  likely 14% less to 19% more                  │
                 └───────────────────────────────────────────────────────────────┘

  ┌─────────────────────────────────────────────┐    ┌─────────────────────────────────────────────┐
  │                 baseline 1                  │    │                 baseline 2                  │
  │ █████████████████▎░░░░░░░░░░░░░░░░░░░░░░░░░ │    │ ██████████████████████████████████████▊░░░░ │
  │ 4 of 10 passed                              │    │ 9 of 10 passed                              │
  │ typical cost  $0.35 a task                  │    │ typical cost  $0.36 a task                  │
  │ typical time  44s a task                    │    │ typical time  44s a task                    │
  └─────────────────────────────────────────────┘    └─────────────────────────────────────────────┘

  every task  baseline 1             baseline 2
  they differ · 7
  task-1    ✗ ████████▋    $0.42   ✓ ██████▉      $0.33
  task-4    ✗ ███████▍     $0.36   ✓ ███████▏     $0.35
  task-5    ✗ ██████████▏  $0.49   ✓ ████████     $0.39
  task-6    ✗ █████▏       $0.25   ✓ ██████▍      $0.31
  task-7    ✓ ██████▌      $0.32   ✗ ██████▊      $0.33
  task-8    ✗ █████████▍   $0.46   ✓ ███████████▊ $0.57
  task-9    ✗ ████▊        $0.23   ✓ ██████▎      $0.31
  both passed · 3
  task-0    ✓ █████▌       $0.27   ✓ ███████▏     $0.35
  task-2    ✓ ████████████ $0.58   ✓ █████████▏   $0.44
  task-3    ✓ ██████▏      $0.30   ✓ █████▍       $0.26

  the numbers behind this: agentium experiment report aa-1run --details
=== 120 columns
                  BASELINE 1  vs  BASELINE 2   ·   checking how much results vary
 ───────────────────────────────────────────────────────────────────────────────────────────────────
                             10 tasks · 20 runs · $7.32 spent · 20 min

                 ┌───────────────────────────────────────────────────────────────┐
                 │                          the answer                           │
                 │                  no clear difference in cost                  │
                 │   the same setup's cost varies by about 17% from run to run   │
                 │                 after all 10 tasks · not sure                 │
                 │                                                               │
                 │  cheaper ◀ ────────━━━━━━━━━━━●━━━━━━━━━━━━━━──── ▶ costlier  │
                 │                             same                              │
                 │                  likely 14% less to 19% more                  │
                 └───────────────────────────────────────────────────────────────┘

  ┌─────────────────────────────────────────────┐    ┌─────────────────────────────────────────────┐
  │                 baseline 1                  │    │                 baseline 2                  │
  │ █████████████████▎░░░░░░░░░░░░░░░░░░░░░░░░░ │    │ ██████████████████████████████████████▊░░░░ │
  │ 4 of 10 passed                              │    │ 9 of 10 passed                              │
  │ typical cost  $0.35 a task                  │    │ typical cost  $0.36 a task                  │
  │ typical time  44s a task                    │    │ typical time  44s a task                    │
  └─────────────────────────────────────────────┘    └─────────────────────────────────────────────┘

  every task  baseline 1             baseline 2
  they differ · 7
  task-1    ✗ ████████▋    $0.42   ✓ ██████▉      $0.33
  task-4    ✗ ███████▍     $0.36   ✓ ███████▏     $0.35
  task-5    ✗ ██████████▏  $0.49   ✓ ████████     $0.39
  task-6    ✗ █████▏       $0.25   ✓ ██████▍      $0.31
  task-7    ✓ ██████▌      $0.32   ✗ ██████▊      $0.33
  task-8    ✗ █████████▍   $0.46   ✓ ███████████▊ $0.57
  task-9    ✗ ████▊        $0.23   ✓ ██████▎      $0.31
  both passed · 3
  task-0    ✓ █████▌       $0.27   ✓ ███████▏     $0.35
  task-2    ✓ ████████████ $0.58   ✓ █████████▏   $0.44
  task-3    ✓ ██████▏      $0.30   ✓ █████▍       $0.26

  the numbers behind this: agentium experiment report aa-1run --details
=== end
