=== 60 columns
       BASELINE  vs  LEAN   ·   does lean save money?
 ───────────────────────────────────────────────────────────
         10 tasks · 20 runs · $7.32 spent · 20 min

  ┌──────────────────────────────────────────────────────┐
  │                      the answer                      │
  │             no clear difference in cost              │
  │          after all 10 tasks · not sure yet           │
  │        about 57 tasks in all could settle it         │
  │                                                      │
  │  cheaper ◀ ──────━━━━━━━━│●━━━━━━━━━━─── ▶ costlier  │
  │                        same                          │
  │             likely 14% less to 19% more              │
  │                                                      │
  │  whether lean passes as many tasks: too few to tell  │
  │  fewer pass ◀ ────────────│━━━━●━━━━━── ▶ more pass  │
  │                         same                         │
  │        likely 1 point fewer to 100 more pass         │
  │       20 tasks of 3 runs each could settle it        │
  └──────────────────────────────────────────────────────┘

  ┌────────────────────────────────────────────────────────┐
  │                        baseline                        │
  │ █████████████████████▋░░░░░░░░░░░░░░░░░░░░░░░░░░░░░░░░ │
  │ 4 of 10 passed                                         │
  │ typical cost  $0.35 a task                             │
  │ typical time  44s a task                               │
  └────────────────────────────────────────────────────────┘
  ┌────────────────────────────────────────────────────────┐
  │                          lean                          │
  │ ████████████████████████████████████████████████▋░░░░░ │
  │ 9 of 10 passed                                         │
  │ typical cost  $0.36 a task                             │
  │ typical time  44s a task                               │
  └────────────────────────────────────────────────────────┘

  every task  baseline   lean
  they differ · 7
  task-1      ✗ $0.42    ✓ $0.33
  task-4      ✗ $0.36    ✓ $0.35
  task-5      ✗ $0.49    ✓ $0.39
  task-6      ✗ $0.25    ✓ $0.31
  task-7      ✓ $0.32    ✗ $0.33
  task-8      ✗ $0.46    ✓ $0.57
  task-9      ✗ $0.23    ✓ $0.31
  both passed · 3
  task-0      ✓ $0.27    ✓ $0.35
  task-2      ✓ $0.58    ✓ $0.44
  task-3      ✓ $0.30    ✓ $0.26
  neither version was cheaper on more tasks (5 of 10 each)

  the numbers behind this:
  agentium experiment report lean-ab-unsure --details
=== 80 columns
                 BASELINE  vs  LEAN   ·   does lean save money?
 ───────────────────────────────────────────────────────────────────────────────
                   10 tasks · 20 runs · $7.32 spent · 20 min

  ┌──────────────────────────────────────────────────────────────────────────┐
  │                                the answer                                │
  │                       no clear difference in cost                        │
  │                    after all 10 tasks · not sure yet                     │
  │                  about 57 tasks in all could settle it                   │
  │                                                                          │
  │  cheaper ◀ ──────────━━━━━━━━━━━━━━│●━━━━━━━━━━━━━━━━━━───── ▶ costlier  │
  │     likely 14% less to 19% more  same                                    │
  │                                                                          │
  │            whether lean passes as many tasks: too few to tell            │
  │  fewer pass ◀ ──────────────────────│━━━━━━━━●━━━━━━━━━──── ▶ more pass  │
  │                                   same                                   │
  │                  likely 1 point fewer to 100 more pass                   │
  │                 20 tasks of 3 runs each could settle it                  │
  └──────────────────────────────────────────────────────────────────────────┘

  ┌───────────────────────────────────┐    ┌───────────────────────────────────┐
  │             baseline              │    │               lean                │
  │ █████████████▎░░░░░░░░░░░░░░░░░░░ │    │ █████████████████████████████▊░░░ │
  │ 4 of 10 passed                    │    │ 9 of 10 passed                    │
  │ typical cost  $0.35 a task        │    │ typical cost  $0.36 a task        │
  │ typical time  44s a task          │    │ typical time  44s a task          │
  └───────────────────────────────────┘    └───────────────────────────────────┘

  every task  baseline               lean
  they differ · 7
  task-1      ✗ ████████▋    $0.42   ✓ ██████▉      $0.33
  task-4      ✗ ███████▍     $0.36   ✓ ███████▏     $0.35
  task-5      ✗ ██████████▏  $0.49   ✓ ████████     $0.39
  task-6      ✗ █████▏       $0.25   ✓ ██████▍      $0.31
  task-7      ✓ ██████▌      $0.32   ✗ ██████▊      $0.33
  task-8      ✗ █████████▍   $0.46   ✓ ███████████▊ $0.57
  task-9      ✗ ████▊        $0.23   ✓ ██████▎      $0.31
  both passed · 3
  task-0      ✓ █████▌       $0.27   ✓ ███████▏     $0.35
  task-2      ✓ ████████████ $0.58   ✓ █████████▏   $0.44
  task-3      ✓ ██████▏      $0.30   ✓ █████▍       $0.26
  neither version was cheaper on more tasks (5 of 10 each)

  the numbers behind this: agentium experiment report lean-ab-unsure --details
=== 100 columns
                           BASELINE  vs  LEAN   ·   does lean save money?
 ───────────────────────────────────────────────────────────────────────────────────────────────────
                             10 tasks · 20 runs · $7.32 spent · 20 min

         ┌───────────────────────────────────────────────────────────────────────────────┐
         │                                  the answer                                   │
         │                          no clear difference in cost                          │
         │   after all 10 tasks · not sure yet · about 57 tasks in all could settle it   │
         │                                                                               │
         │  cheaper ◀ ───────────━━━━━━━━━━━━━━━━│●━━━━━━━━━━━━━━━━━━━━───── ▶ costlier  │
         │        likely 14% less to 19% more  same                                      │
         │                                                                               │
         │              whether lean passes as many tasks: too few to tell               │
         │  fewer pass ◀ ────────────────────────━│━━━━━━━━●━━━━━━━━━━───── ▶ more pass  │
         │                                      same                                     │
         │                     likely 1 point fewer to 100 more pass                     │
         │                    20 tasks of 3 runs each could settle it                    │
         └───────────────────────────────────────────────────────────────────────────────┘

  ┌─────────────────────────────────────────────┐    ┌─────────────────────────────────────────────┐
  │                  baseline                   │    │                    lean                     │
  │ █████████████████▎░░░░░░░░░░░░░░░░░░░░░░░░░ │    │ ██████████████████████████████████████▊░░░░ │
  │ 4 of 10 passed                              │    │ 9 of 10 passed                              │
  │ typical cost  $0.35 a task                  │    │ typical cost  $0.36 a task                  │
  │ typical time  44s a task                    │    │ typical time  44s a task                    │
  └─────────────────────────────────────────────┘    └─────────────────────────────────────────────┘

  every task  baseline               lean
  they differ · 7
  task-1      ✗ ████████▋    $0.42   ✓ ██████▉      $0.33
  task-4      ✗ ███████▍     $0.36   ✓ ███████▏     $0.35
  task-5      ✗ ██████████▏  $0.49   ✓ ████████     $0.39
  task-6      ✗ █████▏       $0.25   ✓ ██████▍      $0.31
  task-7      ✓ ██████▌      $0.32   ✗ ██████▊      $0.33
  task-8      ✗ █████████▍   $0.46   ✓ ███████████▊ $0.57
  task-9      ✗ ████▊        $0.23   ✓ ██████▎      $0.31
  both passed · 3
  task-0      ✓ █████▌       $0.27   ✓ ███████▏     $0.35
  task-2      ✓ ████████████ $0.58   ✓ █████████▏   $0.44
  task-3      ✓ ██████▏      $0.30   ✓ █████▍       $0.26
  neither version was cheaper on more tasks (5 of 10 each)

  the numbers behind this: agentium experiment report lean-ab-unsure --details
=== 120 columns
                           BASELINE  vs  LEAN   ·   does lean save money?
 ───────────────────────────────────────────────────────────────────────────────────────────────────
                             10 tasks · 20 runs · $7.32 spent · 20 min

         ┌───────────────────────────────────────────────────────────────────────────────┐
         │                                  the answer                                   │
         │                          no clear difference in cost                          │
         │   after all 10 tasks · not sure yet · about 57 tasks in all could settle it   │
         │                                                                               │
         │  cheaper ◀ ───────────━━━━━━━━━━━━━━━━│●━━━━━━━━━━━━━━━━━━━━───── ▶ costlier  │
         │        likely 14% less to 19% more  same                                      │
         │                                                                               │
         │              whether lean passes as many tasks: too few to tell               │
         │  fewer pass ◀ ────────────────────────━│━━━━━━━━●━━━━━━━━━━───── ▶ more pass  │
         │                                      same                                     │
         │                     likely 1 point fewer to 100 more pass                     │
         │                    20 tasks of 3 runs each could settle it                    │
         └───────────────────────────────────────────────────────────────────────────────┘

  ┌─────────────────────────────────────────────┐    ┌─────────────────────────────────────────────┐
  │                  baseline                   │    │                    lean                     │
  │ █████████████████▎░░░░░░░░░░░░░░░░░░░░░░░░░ │    │ ██████████████████████████████████████▊░░░░ │
  │ 4 of 10 passed                              │    │ 9 of 10 passed                              │
  │ typical cost  $0.35 a task                  │    │ typical cost  $0.36 a task                  │
  │ typical time  44s a task                    │    │ typical time  44s a task                    │
  └─────────────────────────────────────────────┘    └─────────────────────────────────────────────┘

  every task  baseline               lean
  they differ · 7
  task-1      ✗ ████████▋    $0.42   ✓ ██████▉      $0.33
  task-4      ✗ ███████▍     $0.36   ✓ ███████▏     $0.35
  task-5      ✗ ██████████▏  $0.49   ✓ ████████     $0.39
  task-6      ✗ █████▏       $0.25   ✓ ██████▍      $0.31
  task-7      ✓ ██████▌      $0.32   ✗ ██████▊      $0.33
  task-8      ✗ █████████▍   $0.46   ✓ ███████████▊ $0.57
  task-9      ✗ ████▊        $0.23   ✓ ██████▎      $0.31
  both passed · 3
  task-0      ✓ █████▌       $0.27   ✓ ███████▏     $0.35
  task-2      ✓ ████████████ $0.58   ✓ █████████▏   $0.44
  task-3      ✓ ██████▏      $0.30   ✓ █████▍       $0.26
  neither version was cheaper on more tasks (5 of 10 each)

  the numbers behind this: agentium experiment report lean-ab-unsure --details
=== end
