=== 60 columns
       BASELINE  vs  LEAN   ·   does lean save money?
 ───────────────────────────────────────────────────────────
       8 of 16 tasks · 16 runs · $7.32 spent · 16 min

  ┌──────────────────────────────────────────────────────┐
  │                      the answer                      │
  │             no clear difference in cost              │
  │ stopped early · more tasks are unlikely to settle it │
  │                                                      │
  │  cheaper ◀ ──────━━━━━━━━●━━━━━━━━━━━─── ▶ costlier  │
  │                        same                          │
  │             likely 22% less to 31% more              │
  │                                                      │
  │  whether lean passes as many tasks: too few to tell  │
  │  fewer pass ◀ ────────────●──────────── ▶ more pass  │
  │     no difference seen  same                         │
  │       20 tasks of 3 runs each could settle it        │
  └──────────────────────────────────────────────────────┘

  ┌────────────────────────────────────────────────────────┐
  │                        baseline                        │
  │ ██████████████████████████████████████████████████████ │
  │ 8 of 8 passed                                          │
  │ typical cost  $0.45 a task                             │
  │ typical time  40s a task                               │
  └────────────────────────────────────────────────────────┘
  ┌────────────────────────────────────────────────────────┐
  │                          lean                          │
  │ ██████████████████████████████████████████████████████ │
  │ 8 of 8 passed                                          │
  │ typical cost  $0.45 a task                             │
  │ typical time  40s a task                               │
  └────────────────────────────────────────────────────────┘

  every task  baseline   lean
  both passed · 8
  task-01     ✓ $0.44    ✓ $0.36
  task-02     ✓ $0.46    ✓ $0.55
  task-05     ✓ $0.38    ✓ $0.42
  task-06     ✓ $0.53    ✓ $0.48
  task-07     ✓ $0.54    ✓ $0.48
  task-09     ✓ $0.47    ✓ $0.42
  + 2 more passed in both
  neither version was cheaper on more tasks (4 of 8 each)

  the numbers behind this:
  agentium experiment report lean-seq-futility --details
=== 80 columns
                 BASELINE  vs  LEAN   ·   does lean save money?
 ───────────────────────────────────────────────────────────────────────────────
                 8 of 16 tasks · 16 runs · $7.32 spent · 16 min

          ┌──────────────────────────────────────────────────────────┐
          │                        the answer                        │
          │               no clear difference in cost                │
          │   stopped early · more tasks are unlikely to settle it   │
          │                                                          │
          │  cheaper ◀ ───────━━━━━━━━━●━━━━━━━━━━━━━─── ▶ costlier  │
          │                          same                            │
          │               likely 22% less to 31% more                │
          │                                                          │
          │    whether lean passes as many tasks: too few to tell    │
          │  fewer pass ◀ ──────────────●────────────── ▶ more pass  │
          │       no difference seen  same                           │
          │         20 tasks of 3 runs each could settle it          │
          └──────────────────────────────────────────────────────────┘

  ┌───────────────────────────────────┐    ┌───────────────────────────────────┐
  │             baseline              │    │               lean                │
  │ █████████████████████████████████ │    │ █████████████████████████████████ │
  │ 8 of 8 passed                     │    │ 8 of 8 passed                     │
  │ typical cost  $0.45 a task        │    │ typical cost  $0.45 a task        │
  │ typical time  40s a task          │    │ typical time  40s a task          │
  └───────────────────────────────────┘    └───────────────────────────────────┘

  every task  baseline               lean
  both passed · 8
  task-01     ✓ █████████    $0.44   ✓ ███████▌     $0.36
  task-02     ✓ █████████▌   $0.46   ✓ ███████████▎ $0.55
  task-05     ✓ ███████▉     $0.38   ✓ ████████▊    $0.42
  task-06     ✓ ███████████  $0.53   ✓ ██████████   $0.48
  task-07     ✓ ███████████▏ $0.54   ✓ █████████▉   $0.48
  task-09     ✓ █████████▋   $0.47   ✓ ████████▊    $0.42
  + 2 more passed in both
  neither version was cheaper on more tasks (4 of 8 each)

  the numbers behind this:
  agentium experiment report lean-seq-futility --details
=== 100 columns
                           BASELINE  vs  LEAN   ·   does lean save money?
 ───────────────────────────────────────────────────────────────────────────────────────────────────
                           8 of 16 tasks · 16 runs · $7.32 spent · 16 min

                    ┌──────────────────────────────────────────────────────────┐
                    │                        the answer                        │
                    │               no clear difference in cost                │
                    │   stopped early · more tasks are unlikely to settle it   │
                    │                                                          │
                    │  cheaper ◀ ───────━━━━━━━━━●━━━━━━━━━━━━━─── ▶ costlier  │
                    │                          same                            │
                    │               likely 22% less to 31% more                │
                    │                                                          │
                    │    whether lean passes as many tasks: too few to tell    │
                    │  fewer pass ◀ ──────────────●────────────── ▶ more pass  │
                    │       no difference seen  same                           │
                    │         20 tasks of 3 runs each could settle it          │
                    └──────────────────────────────────────────────────────────┘

  ┌─────────────────────────────────────────────┐    ┌─────────────────────────────────────────────┐
  │                  baseline                   │    │                    lean                     │
  │ ███████████████████████████████████████████ │    │ ███████████████████████████████████████████ │
  │ 8 of 8 passed                               │    │ 8 of 8 passed                               │
  │ typical cost  $0.45 a task                  │    │ typical cost  $0.45 a task                  │
  │ typical time  40s a task                    │    │ typical time  40s a task                    │
  └─────────────────────────────────────────────┘    └─────────────────────────────────────────────┘

  every task  baseline               lean
  both passed · 8
  task-01     ✓ █████████    $0.44   ✓ ███████▌     $0.36
  task-02     ✓ █████████▌   $0.46   ✓ ███████████▎ $0.55
  task-05     ✓ ███████▉     $0.38   ✓ ████████▊    $0.42
  task-06     ✓ ███████████  $0.53   ✓ ██████████   $0.48
  task-07     ✓ ███████████▏ $0.54   ✓ █████████▉   $0.48
  task-09     ✓ █████████▋   $0.47   ✓ ████████▊    $0.42
  + 2 more passed in both
  neither version was cheaper on more tasks (4 of 8 each)

  the numbers behind this: agentium experiment report lean-seq-futility --details
=== 120 columns
                           BASELINE  vs  LEAN   ·   does lean save money?
 ───────────────────────────────────────────────────────────────────────────────────────────────────
                           8 of 16 tasks · 16 runs · $7.32 spent · 16 min

                    ┌──────────────────────────────────────────────────────────┐
                    │                        the answer                        │
                    │               no clear difference in cost                │
                    │   stopped early · more tasks are unlikely to settle it   │
                    │                                                          │
                    │  cheaper ◀ ───────━━━━━━━━━●━━━━━━━━━━━━━─── ▶ costlier  │
                    │                          same                            │
                    │               likely 22% less to 31% more                │
                    │                                                          │
                    │    whether lean passes as many tasks: too few to tell    │
                    │  fewer pass ◀ ──────────────●────────────── ▶ more pass  │
                    │       no difference seen  same                           │
                    │         20 tasks of 3 runs each could settle it          │
                    └──────────────────────────────────────────────────────────┘

  ┌─────────────────────────────────────────────┐    ┌─────────────────────────────────────────────┐
  │                  baseline                   │    │                    lean                     │
  │ ███████████████████████████████████████████ │    │ ███████████████████████████████████████████ │
  │ 8 of 8 passed                               │    │ 8 of 8 passed                               │
  │ typical cost  $0.45 a task                  │    │ typical cost  $0.45 a task                  │
  │ typical time  40s a task                    │    │ typical time  40s a task                    │
  └─────────────────────────────────────────────┘    └─────────────────────────────────────────────┘

  every task  baseline               lean
  both passed · 8
  task-01     ✓ █████████    $0.44   ✓ ███████▌     $0.36
  task-02     ✓ █████████▌   $0.46   ✓ ███████████▎ $0.55
  task-05     ✓ ███████▉     $0.38   ✓ ████████▊    $0.42
  task-06     ✓ ███████████  $0.53   ✓ ██████████   $0.48
  task-07     ✓ ███████████▏ $0.54   ✓ █████████▉   $0.48
  task-09     ✓ █████████▋   $0.47   ✓ ████████▊    $0.42
  + 2 more passed in both
  neither version was cheaper on more tasks (4 of 8 each)

  the numbers behind this: agentium experiment report lean-seq-futility --details
=== end
