                 \e[1m\e[38;5;75mBASELINE\e[39m\e[22m\e[38;5;243m  vs  \e[39m\e[1m\e[38;5;215mLEAN\e[39m\e[22m\e[38;5;243m   ·   \e[39mdoes lean save money?
 \e[38;5;243m───────────────────────────────────────────────────────────────────────────────\e[39m
                   \e[38;5;243m10 tasks · 20 runs · $6.61 spent · 20 min\e[39m

          \e[38;5;114m┌──────────────────────────────────────────────────────────┐\e[39m
          \e[38;5;114m│\e[39m                        \e[1mthe answer\e[22m                        \e[38;5;114m│\e[39m
          \e[38;5;114m│\e[39m                \e[38;5;114mlean is cheaper: 22% less\e[39m                 \e[38;5;114m│\e[39m
          \e[38;5;114m│\e[39m             \e[38;5;243mafter all 10 tasks · sure enough\e[39m             \e[38;5;114m│\e[39m
          \e[38;5;114m│\e[39m                                                          \e[38;5;114m│\e[39m
          \e[38;5;114m│\e[39m  cheaper ◀ \e[38;5;243m───\e[39m\e[38;5;114m━━━━━●━━━━━━\e[39m\e[38;5;243m─\e[39m│\e[38;5;243m────────────────\e[39m ▶ costlier  \e[38;5;114m│\e[39m
          \e[38;5;114m│\e[39m   \e[38;5;243mlikely 6% to 35% less\e[39m  \e[38;5;243msame\e[39m                            \e[38;5;114m│\e[39m
          \e[38;5;114m│\e[39m                                                          \e[38;5;114m│\e[39m
          \e[38;5;114m│\e[39m    \e[38;5;243mwhether lean passes as many tasks: too few to tell\e[39m    \e[38;5;114m│\e[39m
          \e[38;5;114m│\e[39m  fewer pass ◀ \e[38;5;243m──────────────\e[39m│\e[38;5;243m━━━━━●━━━━━───\e[39m ▶ more pass  \e[38;5;114m│\e[39m
          \e[38;5;114m│\e[39m                           \e[38;5;243msame\e[39m                           \e[38;5;114m│\e[39m
          \e[38;5;114m│\e[39m          \e[38;5;243mlikely 1 point fewer to 100 more pass\e[39m           \e[38;5;114m│\e[39m
          \e[38;5;114m│\e[39m         \e[38;5;243m20 tasks of 3 runs each could settle it\e[39m          \e[38;5;114m│\e[39m
          \e[38;5;114m└──────────────────────────────────────────────────────────┘\e[39m

  \e[38;5;75m┌───────────────────────────────────┐\e[39m    \e[38;5;215m┌───────────────────────────────────┐\e[39m
  \e[38;5;75m│\e[39m             \e[1m\e[38;5;75mbaseline\e[39m\e[22m              \e[38;5;75m│\e[39m    \e[38;5;215m│\e[39m               \e[1m\e[38;5;215mlean\e[39m\e[22m                \e[38;5;215m│\e[39m
  \e[38;5;75m│\e[39m \e[38;5;75m█████████████▎\e[39m\e[38;5;243m░░░░░░░░░░░░░░░░░░░\e[39m \e[38;5;75m│\e[39m    \e[38;5;215m│\e[39m \e[38;5;215m█████████████████████████████▊\e[39m\e[38;5;243m░░░\e[39m \e[38;5;215m│\e[39m
  \e[38;5;75m│\e[39m 4 of 10 passed                    \e[38;5;75m│\e[39m    \e[38;5;215m│\e[39m 9 of 10 passed                    \e[38;5;215m│\e[39m
  \e[38;5;75m│\e[39m \e[38;5;243mtypical cost  \e[39m$0.35\e[38;5;243m a task\e[39m        \e[38;5;75m│\e[39m    \e[38;5;215m│\e[39m \e[38;5;243mtypical cost  \e[39m$0.28\e[38;5;243m a task\e[39m        \e[38;5;215m│\e[39m
  \e[38;5;75m│\e[39m \e[38;5;243mtypical time  \e[39m44s\e[38;5;243m a task\e[39m          \e[38;5;75m│\e[39m    \e[38;5;215m│\e[39m \e[38;5;243mtypical time  \e[39m44s\e[38;5;243m a task\e[39m          \e[38;5;215m│\e[39m
  \e[38;5;75m└───────────────────────────────────┘\e[39m    \e[38;5;215m└───────────────────────────────────┘\e[39m

  \e[1mevery task\e[22m  \e[38;5;75mbaseline\e[39m               \e[38;5;215mlean\e[39m
  they differ · 7
  task-1      \e[38;5;203m✗\e[39m \e[38;5;75m████████▍\e[39m    \e[38;5;243m$0.42\e[39m   \e[38;5;114m✓\e[39m \e[38;5;215m█████▍\e[39m       \e[38;5;243m$0.27\e[39m
  task-4      \e[38;5;203m✗\e[39m \e[38;5;75m███████▎\e[39m     \e[38;5;243m$0.36\e[39m   \e[38;5;114m✓\e[39m \e[38;5;215m██████▍\e[39m      \e[38;5;243m$0.32\e[39m
  task-5      \e[38;5;203m✗\e[39m \e[38;5;75m█████████▉\e[39m   \e[38;5;243m$0.49\e[39m   \e[38;5;114m✓\e[39m \e[38;5;215m████▉\e[39m        \e[38;5;243m$0.24\e[39m
  task-6      \e[38;5;203m✗\e[39m \e[38;5;75m█████\e[39m        \e[38;5;243m$0.25\e[39m   \e[38;5;114m✓\e[39m \e[38;5;215m███▋\e[39m         \e[38;5;243m$0.18\e[39m
  task-7      \e[38;5;114m✓\e[39m \e[38;5;75m██████▍\e[39m      \e[38;5;243m$0.32\e[39m   \e[38;5;203m✗\e[39m \e[38;5;215m█████▌\e[39m       \e[38;5;243m$0.27\e[39m
  task-8      \e[38;5;203m✗\e[39m \e[38;5;75m█████████▏\e[39m   \e[38;5;243m$0.46\e[39m   \e[38;5;114m✓\e[39m \e[38;5;215m████████████\e[39m \e[38;5;243m$0.60\e[39m
  task-9      \e[38;5;203m✗\e[39m \e[38;5;75m████▊\e[39m        \e[38;5;243m$0.23\e[39m   \e[38;5;114m✓\e[39m \e[38;5;215m████▏\e[39m        \e[38;5;243m$0.20\e[39m
  both passed · 3
  task-0      \e[38;5;114m✓\e[39m \e[38;5;75m█████▍\e[39m       \e[38;5;243m$0.27\e[39m   \e[38;5;114m✓\e[39m \e[38;5;215m████▌\e[39m        \e[38;5;243m$0.22\e[39m
  task-2      \e[38;5;114m✓\e[39m \e[38;5;75m███████████▊\e[39m \e[38;5;243m$0.58\e[39m   \e[38;5;114m✓\e[39m \e[38;5;215m███████▋\e[39m     \e[38;5;243m$0.38\e[39m
  task-3      \e[38;5;114m✓\e[39m \e[38;5;75m██████\e[39m       \e[38;5;243m$0.30\e[39m   \e[38;5;114m✓\e[39m \e[38;5;215m████▊\e[39m        \e[38;5;243m$0.24\e[39m
  \e[38;5;215mlean\e[39m was cheaper on 9 of 10 tasks

  \e[1mwhat the agents did\e[22m  \e[38;5;75mbaseline\e[39m                \e[38;5;215mlean\e[39m
  ran-go-test          \e[38;5;75m███████████\e[39m  10 of 10   \e[38;5;215m███████▊\e[39m\e[38;5;243m░░░\e[39m  7 of 10
  touched-tests        \e[38;5;75m█████▌\e[39m\e[38;5;243m░░░░░\e[39m  5 of 10    \e[38;5;215m█████▌\e[39m\e[38;5;243m░░░░░\e[39m  5 of 10
  kept-docs            \e[38;5;75m███████████\e[39m  10 of 10   \e[38;5;215m███████████\e[39m  10 of 10
  read-badly           \e[38;5;75m███████████\e[39m  10 of 10   \e[38;5;215m███████▊\e[39m\e[38;5;243m░░░\e[39m  7 of 10\e[38;5;243m (3 unread)\e[39m
  \e[38;5;243mcounts of your rule checks, not a verdict · agentium check list\e[39m

  \e[38;5;243mthe numbers behind this: agentium experiment report lean-ab-1run --details\e[39m
=== end
