=== 60 columns
       BASELINE  vs  LEAN   ·   does lean save money?
 ───────────────────────────────────────────────────────────
         10 tasks · 19 runs · $9.06 spent · 20 min

  ┌──────────────────────────────────────────────────────┐
  │                      the answer                      │
  │             no clear difference in cost              │
  │  by the judge (unvalidated): baseline 4 of 4 fixed,  │
  │                     lean 2 of 3                      │
  │            after all 10 tasks · not sure             │
  │                                                      │
  │  cheaper ◀ ───━━━●━━━━───│────────────── ▶ costlier  │
  │                        same                          │
  │                likely 14% to 36% less                │
  │                                                      │
  │ by the tests: whether lean passes as many tasks: too │
  │                     few to tell                      │
  │  fewer pass ◀ ───────────━│━━━━●━━━━━── ▶ more pass  │
  │                         same                         │
  │        likely 7 points fewer to 100 more pass        │
  │       20 tasks of 3 runs each could settle it        │
  └──────────────────────────────────────────────────────┘

  ┌────────────────────────────────────────────────────────┐
  │                        baseline                        │
  │ ███████████████████████████░░░░░░░░░░░░░░░░░░░░░░░░░░░ │
  │ 3 of 6 passed the tests                                │
  │ 4 of 4 fixed, says the judge                           │
  │ typical cost  $0.35 a task                             │
  │ typical time  44s a task                               │
  │                                                        │
  └────────────────────────────────────────────────────────┘
  ┌────────────────────────────────────────────────────────┐
  │                          lean                          │
  │ ██████████████████████████████████████████████████████ │
  │ 6 of 6 passed the tests                                │
  │ 2 of 3 fixed, says the judge                           │
  │ typical cost  $0.25 a task                             │
  │ typical time  44s a task                               │
  │ ! 1 without the judge's grade                          │
  └────────────────────────────────────────────────────────┘

  every task      baseline   lean
  they differ · 5
  task-1          ✗ $0.42    ✓ $0.27
  task-4          ✗ $0.36    ✓ $0.32
  task-5          ✗ $0.49    ✓ $0.24
  task-7 (judge)  ✓ $0.32    ✗ $0.27
  task-8 (judge)  ✓ $0.46    –
  both passed · 5
  task-0          ✓ $0.27    ✓ $0.22
  task-2          ✓ $0.58    ✓ $0.38
  task-3          ✓ $0.30    ✓ $0.24
  task-6 (judge)  ✓ $0.25    ✓ $0.18
  task-9 (judge)  ✓ $0.23    ✓ $0.20
  lean was cheaper on 9 of 9 tasks

  1 run not counted (1 ungraded by the judge); their cost
  is in the total
  the judge left more runs without a grade on one side, so
  the answer is not sure
  the numbers behind this:
  agentium experiment report lean-ab-judge-graded --details
=== 80 columns
                 BASELINE  vs  LEAN   ·   does lean save money?
 ───────────────────────────────────────────────────────────────────────────────
                   10 tasks · 19 runs · $9.06 spent · 20 min

          ┌──────────────────────────────────────────────────────────┐
          │                        the answer                        │
          │               no clear difference in cost                │
          │ by the judge (unvalidated): baseline 4 of 4 fixed, lean  │
          │                          2 of 3                          │
          │              after all 10 tasks · not sure               │
          │                                                          │
          │  cheaper ◀ ───━━━━●━━━━────│──────────────── ▶ costlier  │
          │  likely 14% to 36% less  same                            │
          │                                                          │
          │ by the tests: whether lean passes as many tasks: too few │
          │                         to tell                          │
          │  fewer pass ◀ ─────────────━│━━━━━●━━━━━─── ▶ more pass  │
          │                           same                           │
          │          likely 7 points fewer to 100 more pass          │
          │         20 tasks of 3 runs each could settle it          │
          └──────────────────────────────────────────────────────────┘

  ┌───────────────────────────────────┐    ┌───────────────────────────────────┐
  │             baseline              │    │               lean                │
  │ ████████████████▌░░░░░░░░░░░░░░░░ │    │ █████████████████████████████████ │
  │ 3 of 6 passed the tests           │    │ 6 of 6 passed the tests           │
  │ 4 of 4 fixed, says the judge      │    │ 2 of 3 fixed, says the judge      │
  │ typical cost  $0.35 a task        │    │ typical cost  $0.25 a task        │
  │ typical time  44s a task          │    │ typical time  44s a task          │
  │                                   │    │ ! 1 without the judge's grade     │
  └───────────────────────────────────┘    └───────────────────────────────────┘

  every task      baseline               lean
  they differ · 5
  task-1          ✗ ████████▋    $0.42   ✓ █████▌       $0.27
  task-4          ✗ ███████▍     $0.36   ✓ ██████▌      $0.32
  task-5          ✗ ██████████▏  $0.49   ✓ █████        $0.24
  task-7 (judge)  ✓ ██████▌      $0.32   ✗ █████▋       $0.27
  task-8 (judge)  ✓ █████████▍   $0.46   –
  both passed · 5
  task-0          ✓ █████▌       $0.27   ✓ ████▋        $0.22
  task-2          ✓ ████████████ $0.58   ✓ ███████▊     $0.38
  task-3          ✓ ██████▏      $0.30   ✓ ████▉        $0.24
  task-6 (judge)  ✓ █████▏       $0.25   ✓ ███▊         $0.18
  task-9 (judge)  ✓ ████▊        $0.23   ✓ ████▏        $0.20
  lean was cheaper on 9 of 9 tasks

  1 run not counted (1 ungraded by the judge); their cost is in the total
  the judge left more runs without a grade on one side, so the answer is not
  sure
  the numbers behind this:
  agentium experiment report lean-ab-judge-graded --details
=== 100 columns
                           BASELINE  vs  LEAN   ·   does lean save money?
 ───────────────────────────────────────────────────────────────────────────────────────────────────
                             10 tasks · 19 runs · $9.06 spent · 20 min

                    ┌──────────────────────────────────────────────────────────┐
                    │                        the answer                        │
                    │               no clear difference in cost                │
                    │ by the judge (unvalidated): baseline 4 of 4 fixed, lean  │
                    │                          2 of 3                          │
                    │              after all 10 tasks · not sure               │
                    │                                                          │
                    │  cheaper ◀ ───━━━━●━━━━────│──────────────── ▶ costlier  │
                    │  likely 14% to 36% less  same                            │
                    │                                                          │
                    │ by the tests: whether lean passes as many tasks: too few │
                    │                         to tell                          │
                    │  fewer pass ◀ ─────────────━│━━━━━●━━━━━─── ▶ more pass  │
                    │                           same                           │
                    │          likely 7 points fewer to 100 more pass          │
                    │         20 tasks of 3 runs each could settle it          │
                    └──────────────────────────────────────────────────────────┘

  ┌─────────────────────────────────────────────┐    ┌─────────────────────────────────────────────┐
  │                  baseline                   │    │                    lean                     │
  │ █████████████████████▌░░░░░░░░░░░░░░░░░░░░░ │    │ ███████████████████████████████████████████ │
  │ 3 of 6 passed the tests                     │    │ 6 of 6 passed the tests                     │
  │ 4 of 4 fixed, says the judge                │    │ 2 of 3 fixed, says the judge                │
  │ typical cost  $0.35 a task                  │    │ typical cost  $0.25 a task                  │
  │ typical time  44s a task                    │    │ typical time  44s a task                    │
  │                                             │    │ ! 1 without the judge's grade               │
  └─────────────────────────────────────────────┘    └─────────────────────────────────────────────┘

  every task      baseline               lean
  they differ · 5
  task-1          ✗ ████████▋    $0.42   ✓ █████▌       $0.27
  task-4          ✗ ███████▍     $0.36   ✓ ██████▌      $0.32
  task-5          ✗ ██████████▏  $0.49   ✓ █████        $0.24
  task-7 (judge)  ✓ ██████▌      $0.32   ✗ █████▋       $0.27
  task-8 (judge)  ✓ █████████▍   $0.46   –
  both passed · 5
  task-0          ✓ █████▌       $0.27   ✓ ████▋        $0.22
  task-2          ✓ ████████████ $0.58   ✓ ███████▊     $0.38
  task-3          ✓ ██████▏      $0.30   ✓ ████▉        $0.24
  task-6 (judge)  ✓ █████▏       $0.25   ✓ ███▊         $0.18
  task-9 (judge)  ✓ ████▊        $0.23   ✓ ████▏        $0.20
  lean was cheaper on 9 of 9 tasks

  1 run not counted (1 ungraded by the judge); their cost is in the total
  the judge left more runs without a grade on one side, so the answer is not sure
  the numbers behind this: agentium experiment report lean-ab-judge-graded --details
=== 120 columns
                           BASELINE  vs  LEAN   ·   does lean save money?
 ───────────────────────────────────────────────────────────────────────────────────────────────────
                             10 tasks · 19 runs · $9.06 spent · 20 min

                    ┌──────────────────────────────────────────────────────────┐
                    │                        the answer                        │
                    │               no clear difference in cost                │
                    │ by the judge (unvalidated): baseline 4 of 4 fixed, lean  │
                    │                          2 of 3                          │
                    │              after all 10 tasks · not sure               │
                    │                                                          │
                    │  cheaper ◀ ───━━━━●━━━━────│──────────────── ▶ costlier  │
                    │  likely 14% to 36% less  same                            │
                    │                                                          │
                    │ by the tests: whether lean passes as many tasks: too few │
                    │                         to tell                          │
                    │  fewer pass ◀ ─────────────━│━━━━━●━━━━━─── ▶ more pass  │
                    │                           same                           │
                    │          likely 7 points fewer to 100 more pass          │
                    │         20 tasks of 3 runs each could settle it          │
                    └──────────────────────────────────────────────────────────┘

  ┌─────────────────────────────────────────────┐    ┌─────────────────────────────────────────────┐
  │                  baseline                   │    │                    lean                     │
  │ █████████████████████▌░░░░░░░░░░░░░░░░░░░░░ │    │ ███████████████████████████████████████████ │
  │ 3 of 6 passed the tests                     │    │ 6 of 6 passed the tests                     │
  │ 4 of 4 fixed, says the judge                │    │ 2 of 3 fixed, says the judge                │
  │ typical cost  $0.35 a task                  │    │ typical cost  $0.25 a task                  │
  │ typical time  44s a task                    │    │ typical time  44s a task                    │
  │                                             │    │ ! 1 without the judge's grade               │
  └─────────────────────────────────────────────┘    └─────────────────────────────────────────────┘

  every task      baseline               lean
  they differ · 5
  task-1          ✗ ████████▋    $0.42   ✓ █████▌       $0.27
  task-4          ✗ ███████▍     $0.36   ✓ ██████▌      $0.32
  task-5          ✗ ██████████▏  $0.49   ✓ █████        $0.24
  task-7 (judge)  ✓ ██████▌      $0.32   ✗ █████▋       $0.27
  task-8 (judge)  ✓ █████████▍   $0.46   –
  both passed · 5
  task-0          ✓ █████▌       $0.27   ✓ ████▋        $0.22
  task-2          ✓ ████████████ $0.58   ✓ ███████▊     $0.38
  task-3          ✓ ██████▏      $0.30   ✓ ████▉        $0.24
  task-6 (judge)  ✓ █████▏       $0.25   ✓ ███▊         $0.18
  task-9 (judge)  ✓ ████▊        $0.23   ✓ ████▏        $0.20
  lean was cheaper on 9 of 9 tasks

  1 run not counted (1 ungraded by the judge); their cost is in the total
  the judge left more runs without a grade on one side, so the answer is not sure
  the numbers behind this: agentium experiment report lean-ab-judge-graded --details
=== end
