=== 60 columns
 fix-parser · arm B
 ───────────────────────────────────────────────────────────
╭─ fresh copy ──────────────────────────────────────── 4s ─╮
│ a clean copy with arm B's context (9f3c2d1)              │
│ setup: 1 command                                         │
╰──────────────────────────────────────────────────────────╯
                             ┊
╭┄ Claude works ┄┄┄┄┄┄┄┄┄┄┄┄┄┄┄┄┄┄┄┄┄┄┄┄┄┄┄┄┄┄┄┄┄┄┄ 2m41s ┄╮
┆ in a sandbox · 9 turns · $0.4231                         ┆
┆ used Read ×9, Bash ×5, Edit ×3 and 1 more                ┆
╰┄┄┄┄┄┄┄┄┄┄┄┄┄┄┄┄┄┄┄┄┄┄┄┄┄┄┄┄┄┄┄┄┄┄┄┄┄┄┄┄┄┄┄┄┄┄┄┄┄┄┄┄┄┄┄┄┄┄╯
                             ┊
╭┄ hidden tests ┄┄┄┄┄┄┄┄┄┄┄┄┄┄┄┄┄┄┄┄┄┄┄┄┄┄┄┄┄┄┄┄┄┄┄┄┄ 18s ┄╮
┆ in a sandbox                                             ┆
┆ sandbox check passed · 2 blocked actions                 ┆
╰┄┄┄┄┄┄┄┄┄┄┄┄┄┄┄┄┄┄┄┄┄┄┄┄┄┄┄┄┄┄┄┄┄┄┄┄┄┄┄┄┄┄┄┄┄┄┄┄┄┄┄┄┄┄┄┄┄┄╯
                             ┊
╭─ result ───────────────────────────────────────── 3m12s ─╮
│ ✓ passed                                                 │
│ 3 files · +41 -2                                         │
╰──────────────────────────────────────────────────────────╯

 experiment ctx-ab, slot 3 (from 0), attempt 1
 Claude Code 2.1.281 · claude-sonnet-5
 records ~/runs/20261003T140000Z-a1b2c3
 everything:
 agentium run show 20261003T140000Z-a1b2c3 --details
=== 80 columns
 fix-parser · arm B
 ───────────────────────────────────────────────────────────────────────────────
        ╭─ fresh copy ──────────────────────────────────────────── 4s ─╮
        │ a clean copy with arm B's context (9f3c2d1)                  │
        │ setup: 1 command                                             │
        ╰──────────────────────────────────────────────────────────────╯
                                       ┊
        ╭┄ Claude works ┄┄┄┄┄┄┄┄┄┄┄┄┄┄┄┄┄┄┄┄┄┄┄┄┄┄┄┄┄┄┄┄┄┄┄┄┄┄┄ 2m41s ┄╮
        ┆ in a sandbox · 9 turns · $0.4231                             ┆
        ┆ used Read ×9, Bash ×5, Edit ×3 and 1 more                    ┆
        ╰┄┄┄┄┄┄┄┄┄┄┄┄┄┄┄┄┄┄┄┄┄┄┄┄┄┄┄┄┄┄┄┄┄┄┄┄┄┄┄┄┄┄┄┄┄┄┄┄┄┄┄┄┄┄┄┄┄┄┄┄┄┄╯
                                       ┊
        ╭┄ hidden tests ┄┄┄┄┄┄┄┄┄┄┄┄┄┄┄┄┄┄┄┄┄┄┄┄┄┄┄┄┄┄┄┄┄┄┄┄┄┄┄┄┄ 18s ┄╮
        ┆ in a sandbox                                                 ┆
        ┆ sandbox check passed · 2 blocked actions                     ┆
        ╰┄┄┄┄┄┄┄┄┄┄┄┄┄┄┄┄┄┄┄┄┄┄┄┄┄┄┄┄┄┄┄┄┄┄┄┄┄┄┄┄┄┄┄┄┄┄┄┄┄┄┄┄┄┄┄┄┄┄┄┄┄┄╯
                                       ┊
        ╭─ result ───────────────────────────────────────────── 3m12s ─╮
        │ ✓ passed                                                     │
        │ 3 files · +41 -2                                             │
        ╰──────────────────────────────────────────────────────────────╯

 experiment ctx-ab, slot 3 (from 0), attempt 1
 Claude Code 2.1.281 · claude-sonnet-5
 records ~/runs/20261003T140000Z-a1b2c3
 everything: agentium run show 20261003T140000Z-a1b2c3 --details
=== 120 columns
 fix-parser · arm B
 ───────────────────────────────────────────────────────────────────────────────────────────────────
                  ╭─ fresh copy ──────────────────────────────────────────── 4s ─╮
                  │ a clean copy with arm B's context (9f3c2d1)                  │
                  │ setup: 1 command                                             │
                  ╰──────────────────────────────────────────────────────────────╯
                                                 ┊
                  ╭┄ Claude works ┄┄┄┄┄┄┄┄┄┄┄┄┄┄┄┄┄┄┄┄┄┄┄┄┄┄┄┄┄┄┄┄┄┄┄┄┄┄┄ 2m41s ┄╮
                  ┆ in a sandbox · 9 turns · $0.4231                             ┆
                  ┆ used Read ×9, Bash ×5, Edit ×3 and 1 more                    ┆
                  ╰┄┄┄┄┄┄┄┄┄┄┄┄┄┄┄┄┄┄┄┄┄┄┄┄┄┄┄┄┄┄┄┄┄┄┄┄┄┄┄┄┄┄┄┄┄┄┄┄┄┄┄┄┄┄┄┄┄┄┄┄┄┄╯
                                                 ┊
                  ╭┄ hidden tests ┄┄┄┄┄┄┄┄┄┄┄┄┄┄┄┄┄┄┄┄┄┄┄┄┄┄┄┄┄┄┄┄┄┄┄┄┄┄┄┄┄ 18s ┄╮
                  ┆ in a sandbox                                                 ┆
                  ┆ sandbox check passed · 2 blocked actions                     ┆
                  ╰┄┄┄┄┄┄┄┄┄┄┄┄┄┄┄┄┄┄┄┄┄┄┄┄┄┄┄┄┄┄┄┄┄┄┄┄┄┄┄┄┄┄┄┄┄┄┄┄┄┄┄┄┄┄┄┄┄┄┄┄┄┄╯
                                                 ┊
                  ╭─ result ───────────────────────────────────────────── 3m12s ─╮
                  │ ✓ passed                                                     │
                  │ 3 files · +41 -2                                             │
                  ╰──────────────────────────────────────────────────────────────╯

 experiment ctx-ab, slot 3 (from 0), attempt 1
 Claude Code 2.1.281 · claude-sonnet-5
 records ~/runs/20261003T140000Z-a1b2c3
 everything: agentium run show 20261003T140000Z-a1b2c3 --details
=== end
