== root task, ChatGPT login, gpt-6.1-sol at its default effort, a $3 cap
-- working folder
<T>/data/workspaces/<ID>/repo
-- args
exec
--json
-m
gpt-6.1-sol
--ignore-user-config
-c
model_reasoning_effort="low"
-c
approval_policy="never"
-c
default_permissions="agentium"
-c
forced_login_method="chatgpt"
-c
check_for_update_on_startup=false
-c
web_search="disabled"
-c
history.persistence="none"
-c
sqlite_home="<T>/data/workspaces/<ID>/agent/sqlite"
-c
log_dir="<T>/data/workspaces/<ID>/agent/log"
-c
analytics.enabled=false
-c
feedback.enabled=false
-c
allow_login_shell=false
-c
features={apps=false,plugins=false,remote_plugin=false,browser_use=false,browser_use_external=false,computer_use=false,image_generation=false,memories=false,hooks=false,tool_suggest=false,daemon_auto_start=false,fast_mode=false,realtime_conversation=false,skill_mcp_dependency_install=false,goals=false,unbounded_connection_retries=false}
-c
shell_environment_policy.set={"HOME"="<T>/home","TMPDIR"="<RUNTEMP>","TMPPREFIX"="<RUNTEMP>/zsh"}
-c
shell_environment_policy.ignore_default_excludes=false
-c
shell_environment_policy.exclude=["CODEX_*","OPENAI_*"]
-c
permissions.agentium.filesystem={
  ":root"="read"
  "<T>/data/workspaces/<ID>/repo"="write"
  "<T>/data/workspaces/<ID>/go-build"="write"
  "<RUNTEMP>"="write"
  "/private<RUNTEMP>"="write"
  "<T>/data/projects"="deny"
  "<T>/data/records"="deny"
  "<T>/data/artifacts"="deny"
  "<T>/data/cache"="deny"
  "<T>/data/agentium.db"="deny"
  "<T>/data/agentium.db-wal"="deny"
  "<T>/data/agentium.db-shm"="deny"
  "<T>/user"="deny"
  "<T>/user/.git"="deny"
  "<T>/data/codex"="deny"
  "/golden/predicted/other-run"="deny"
  "<T>/home/.codex"="deny"
  "/golden/codex"="deny"
  "<T>/home/.agents"="deny"
  "<T>/home/.agentium"="deny"
  "<T>/data/workspaces/<ID>/agent"="deny"
  "<T>/home/.config/agentium"="deny"
  "<T>/home/.claude"="deny"
  "<T>/home/.claude.json"="deny"
  "<T>/home/.ssh"="deny"
  "<T>/home/.config/gh"="deny"
  "<T>/home/.netrc"="deny"
  "<T>/home/.git-credentials"="deny"
  "<T>/home/.aws"="deny"
  "<T>/home/.docker"="deny"
  "<T>/home/.npmrc"="deny"
  "<T>/home/.pypirc"="deny"
  "<T>/home/.kube"="deny"
  "<T>/home/.gnupg"="deny"
  "<T>/home/Library/Keychains"="deny"
  "<T>/home/.config/uv"="deny"
  "/Library/Keychains"="deny"
  "/golden/gh"="deny"
  "/golden/xdg/gh"="deny"
  "<T>/home/Library/Caches/go-build"="deny"
  "<T>/home/.cache/go-build"="deny"
  "/golden/gocache"="deny"
  "<T>/home/.m2"="deny"
  "<T>/home/.gradle/caches"="deny"
  "<T>/home/.gradle/daemon"="deny"
  "<T>/home/.gradle/native"="deny"
  "<T>/home/.gradle/jdks"="deny"
  "<T>/home/.gradle/init.d"="deny"
  "<T>/home/.gradle/init.gradle"="deny"
  "<T>/home/.gradle/init.gradle.kts"="deny"
  "<T>/home/.gradle/gradle.properties"="deny"
  "<T>/home/.gradle/build-scan-data"="deny"
  "<T>/home/.gradle/.tmp"="deny"
  "<T>/home/.gradle/workers"="deny"
  "<T>/home/.gradle/notifications"="deny"
  "<T>/home/.cargo/registry"="deny"
  "<T>/home/.cargo/git"="deny"
  "<T>/home/.cargo/credentials.toml"="deny"
  "<T>/home/.cargo/credentials"="deny"
  "<T>/home/.cargo/build"="deny"
  "/golden/cargo/registry"="deny"
  "/golden/cargo/git"="deny"
  "/golden/cargo/credentials.toml"="deny"
  "/golden/cargo/credentials"="deny"
  "/golden/cargo/build"="deny"
  "<T>/home/Library/Caches/Mozilla.sccache"="deny"
  "<T>/home/.cache/sccache"="deny"
  "<T>/home/.cache/uv"="deny"
  "<T>/home/.cache/pip"="deny"
  "<T>/home/Library/Caches/pip"="deny"
  "<T>/home/.cache/pypoetry"="deny"
  "<T>/home/Library/Caches/pypoetry"="deny"
  "/golden/venv"="deny"
  "<T>/home/.config/pip"="deny"
  "<T>/home/Library/Application Support/pip"="deny"
  "<T>/home/.pip"="deny"
  "<T>/home/.config/uv/uv.toml"="deny"
  "<T>/home/.local/share/uv/credentials"="deny"
  "<T>/home/.config/pypoetry/auth.toml"="deny"
  "<T>/home/Library/Application Support/pypoetry/auth.toml"="deny"
  "<T>/home/.local/share/python_keyring"="deny"
  "/golden/xdg/pip"="deny"
  "/golden/xdg/uv"="deny"
  "/golden/xdg/pypoetry/auth.toml"="deny"
  "/etc/pip.conf"="deny"
  "/private/etc/pip.conf"="deny"
  "/etc/xdg/pip/pip.conf"="deny"
  "/private/etc/xdg/pip/pip.conf"="deny"
  "/etc/uv/uv.toml"="deny"
  "/private/etc/uv/uv.toml"="deny"
  "/Library/Application Support/pip/pip.conf"="deny"
  "<T>/home/.npm"="deny"
  "<T>/home/Library/pnpm/store"="deny"
  "<T>/home/.local/share/pnpm/store"="deny"
  "<T>/data/deps/1/gradle"="deny"
  "<T>/data/deps/1/build-cache"="deny"
  "<T>/data/deps/1/uv-cache"="deny"
  "<T>/data/deps/1/pip-cache"="deny"
  "<T>/data/deps/1/py-resolve"="deny"
  "/tmp/claude-<UID>"="deny"
  "/private/tmp/claude-<UID>"="deny"
  "/tmp/claude"="deny"
  "/private/tmp/claude"="deny"
  "/tmp/cc-socks"="deny"
  "/private/tmp/cc-socks"="deny"
  "/tmp/cc-socks-<UID>"="deny"
  "/private/tmp/cc-socks-<UID>"="deny"
  "/tmp/cc-daemon-<UID>"="deny"
  "/private/tmp/cc-daemon-<UID>"="deny"
  "<T>/home/.npm/_logs"="deny"
  "<T>/home/.claude/debug"="deny"
}
-c
permissions.agentium.network={enabled=false}
-c
projects={
  "<T>/data/workspaces/<ID>/repo"={trust_level="untrusted"}
}
--disable
unbounded_connection_retries
-C
<T>/data/workspaces/<ID>/repo
-o
<T>/data/records/<ID>/last-message.txt
-
-- stdin
"Make the value new.\n\nYou are working in this task's own checkout of the repository. Make the change here, in the working tree. Do not commit, push, open a pull request, or create branches or worktrees. When you are done, reply with a short summary of what you changed and how you verified it."
-- env
PATH=/usr/bin:/bin
USER=u
LOGNAME=u
SHELL=/bin/zsh
LANG=en_US.UTF-8
LC_ALL=C
TERM=xterm
TZ=UTC
GOPATH=/golden/go
GOPROXY=https://proxy.golang.org
JAVA_HOME=/golden/jdk
CARGO_HOME=/golden/cargo
RUSTC_WRAPPER=sccache
XDG_CONFIG_HOME=/golden/xdg
NODE_OPTIONS=--max-old-space-size=4096
HOMEBREW_PREFIX=/opt/homebrew
HTTPS_PROXY=http://proxy:3128
SSL_CERT_FILE=/golden/certs.pem
GOFLAGS=-mod=mod -buildvcs=false
GOCACHE=<T>/data/workspaces/<ID>/go-build
HOME=<T>/data/workspaces/<ID>/agent/home
TMPDIR=<RUNTEMP>
TMPPREFIX=<RUNTEMP>/zsh
CODEX_HOME=<T>/data/codex
-- the Codex home after the run (CODEX_HOME)
auth.json
-- the run's records (without the grading copy)
agent.diff
last-message.txt
rollout.jsonl
started.json
stderr.txt
stream.jsonl
verify.log
== module task (svc), API key, gpt-6.1-sol at effort high, a $2.5 cap, the user's own CODEX_HOME and CLAUDE_CONFIG_DIR
-- working folder
<T>/data/workspaces/<ID>/repo/svc
-- args
exec
--json
-m
gpt-6.1-sol
--ignore-user-config
-c
model_reasoning_effort="high"
-c
approval_policy="never"
-c
default_permissions="agentium"
-c
forced_login_method="api"
-c
check_for_update_on_startup=false
-c
web_search="disabled"
-c
history.persistence="none"
-c
sqlite_home="<T>/data/workspaces/<ID>/agent/sqlite"
-c
log_dir="<T>/data/workspaces/<ID>/agent/log"
-c
analytics.enabled=false
-c
feedback.enabled=false
-c
allow_login_shell=false
-c
features={apps=false,plugins=false,remote_plugin=false,browser_use=false,browser_use_external=false,computer_use=false,image_generation=false,memories=false,hooks=false,tool_suggest=false,daemon_auto_start=false,fast_mode=false,realtime_conversation=false,skill_mcp_dependency_install=false,goals=false,unbounded_connection_retries=false}
-c
shell_environment_policy.set={"HOME"="<T>/home","TMPDIR"="<RUNTEMP>","TMPPREFIX"="<RUNTEMP>/zsh"}
-c
shell_environment_policy.ignore_default_excludes=false
-c
shell_environment_policy.exclude=["CODEX_*","OPENAI_*"]
-c
permissions.agentium.filesystem={
  ":root"="read"
  "<T>/data/workspaces/<ID>/repo"="write"
  "<T>/data/workspaces/<ID>/go-build"="write"
  "<RUNTEMP>"="write"
  "/private<RUNTEMP>"="write"
  "<T>/data/projects"="deny"
  "<T>/data/records"="deny"
  "<T>/data/artifacts"="deny"
  "<T>/data/cache"="deny"
  "<T>/data/agentium.db"="deny"
  "<T>/data/agentium.db-wal"="deny"
  "<T>/data/agentium.db-shm"="deny"
  "<T>/user"="deny"
  "<T>/user/.git"="deny"
  "/golden/predicted/other-run"="deny"
  "<T>/home/.codex"="deny"
  "/golden/codex"="deny"
  "<T>/home/.agents"="deny"
  "<T>/home/.agentium"="deny"
  "<T>/data/workspaces/<ID>/codex-home"="deny"
  "<T>/data/workspaces/<ID>/agent"="deny"
  "<T>/home/.config/agentium"="deny"
  "<T>/home/.claude"="deny"
  "<T>/home/.claude-work"="deny"
  "<T>/home/.claude.json"="deny"
  "<T>/home/.ssh"="deny"
  "<T>/home/.config/gh"="deny"
  "<T>/home/.netrc"="deny"
  "<T>/home/.git-credentials"="deny"
  "<T>/home/.aws"="deny"
  "<T>/home/.docker"="deny"
  "<T>/home/.npmrc"="deny"
  "<T>/home/.pypirc"="deny"
  "<T>/home/.kube"="deny"
  "<T>/home/.gnupg"="deny"
  "<T>/home/Library/Keychains"="deny"
  "<T>/home/.config/uv"="deny"
  "/Library/Keychains"="deny"
  "/golden/gh"="deny"
  "/golden/xdg/gh"="deny"
  "<T>/home/Library/Caches/go-build"="deny"
  "<T>/home/.cache/go-build"="deny"
  "/golden/gocache"="deny"
  "<T>/home/.m2"="deny"
  "<T>/home/.gradle/caches"="deny"
  "<T>/home/.gradle/daemon"="deny"
  "<T>/home/.gradle/native"="deny"
  "<T>/home/.gradle/jdks"="deny"
  "<T>/home/.gradle/init.d"="deny"
  "<T>/home/.gradle/init.gradle"="deny"
  "<T>/home/.gradle/init.gradle.kts"="deny"
  "<T>/home/.gradle/gradle.properties"="deny"
  "<T>/home/.gradle/build-scan-data"="deny"
  "<T>/home/.gradle/.tmp"="deny"
  "<T>/home/.gradle/workers"="deny"
  "<T>/home/.gradle/notifications"="deny"
  "<T>/home/.cargo/registry"="deny"
  "<T>/home/.cargo/git"="deny"
  "<T>/home/.cargo/credentials.toml"="deny"
  "<T>/home/.cargo/credentials"="deny"
  "<T>/home/.cargo/build"="deny"
  "/golden/cargo/registry"="deny"
  "/golden/cargo/git"="deny"
  "/golden/cargo/credentials.toml"="deny"
  "/golden/cargo/credentials"="deny"
  "/golden/cargo/build"="deny"
  "<T>/home/Library/Caches/Mozilla.sccache"="deny"
  "<T>/home/.cache/sccache"="deny"
  "<T>/home/.cache/uv"="deny"
  "<T>/home/.cache/pip"="deny"
  "<T>/home/Library/Caches/pip"="deny"
  "<T>/home/.cache/pypoetry"="deny"
  "<T>/home/Library/Caches/pypoetry"="deny"
  "/golden/venv"="deny"
  "<T>/home/.config/pip"="deny"
  "<T>/home/Library/Application Support/pip"="deny"
  "<T>/home/.pip"="deny"
  "<T>/home/.config/uv/uv.toml"="deny"
  "<T>/home/.local/share/uv/credentials"="deny"
  "<T>/home/.config/pypoetry/auth.toml"="deny"
  "<T>/home/Library/Application Support/pypoetry/auth.toml"="deny"
  "<T>/home/.local/share/python_keyring"="deny"
  "/golden/xdg/pip"="deny"
  "/golden/xdg/uv"="deny"
  "/golden/xdg/pypoetry/auth.toml"="deny"
  "/etc/pip.conf"="deny"
  "/private/etc/pip.conf"="deny"
  "/etc/xdg/pip/pip.conf"="deny"
  "/private/etc/xdg/pip/pip.conf"="deny"
  "/etc/uv/uv.toml"="deny"
  "/private/etc/uv/uv.toml"="deny"
  "/Library/Application Support/pip/pip.conf"="deny"
  "<T>/home/.npm"="deny"
  "<T>/home/Library/pnpm/store"="deny"
  "<T>/home/.local/share/pnpm/store"="deny"
  "<T>/data/deps/1/gradle"="deny"
  "<T>/data/deps/1/build-cache"="deny"
  "<T>/data/deps/1/uv-cache"="deny"
  "<T>/data/deps/1/pip-cache"="deny"
  "<T>/data/deps/1/py-resolve"="deny"
  "/tmp/claude-<UID>"="deny"
  "/private/tmp/claude-<UID>"="deny"
  "/tmp/claude"="deny"
  "/private/tmp/claude"="deny"
  "/tmp/cc-socks"="deny"
  "/private/tmp/cc-socks"="deny"
  "/tmp/cc-socks-<UID>"="deny"
  "/private/tmp/cc-socks-<UID>"="deny"
  "/tmp/cc-daemon-<UID>"="deny"
  "/private/tmp/cc-daemon-<UID>"="deny"
  "<T>/home/.npm/_logs"="deny"
  "<T>/home/.claude/debug"="deny"
}
-c
permissions.agentium.network={enabled=false}
-c
projects={
  "<T>/data/workspaces/<ID>/repo/svc"={trust_level="untrusted"}
  "<T>/data/workspaces/<ID>/repo"={trust_level="untrusted"}
}
--disable
unbounded_connection_retries
-C
<T>/data/workspaces/<ID>/repo/svc
-o
<T>/data/records/<ID>/last-message.txt
-
-- stdin
"Make the value new.\n\nYou are working in this task's own checkout of the repository. Make the change here, in the working tree. Do not commit, push, open a pull request, or create branches or worktrees. When you are done, reply with a short summary of what you changed and how you verified it."
-- env
PATH=/usr/bin:/bin
USER=u
LOGNAME=u
SHELL=/bin/zsh
LANG=en_US.UTF-8
LC_ALL=C
TERM=xterm
TZ=UTC
GOPATH=/golden/go
GOPROXY=https://proxy.golang.org
JAVA_HOME=/golden/jdk
CARGO_HOME=/golden/cargo
RUSTC_WRAPPER=sccache
XDG_CONFIG_HOME=/golden/xdg
NODE_OPTIONS=--max-old-space-size=4096
HOMEBREW_PREFIX=/opt/homebrew
HTTPS_PROXY=http://proxy:3128
SSL_CERT_FILE=/golden/certs.pem
GOFLAGS=-mod=mod -buildvcs=false
GOCACHE=<T>/data/workspaces/<ID>/go-build
HOME=<T>/data/workspaces/<ID>/agent/home
TMPDIR=<RUNTEMP>
TMPPREFIX=<RUNTEMP>/zsh
CODEX_HOME=<T>/data/workspaces/<ID>/codex-home
CODEX_API_KEY=[REDACTED]
-- the Codex home after the run (CODEX_HOME)
-- the run's records (without the grading copy)
agent.diff
last-message.txt
rollout.jsonl
started.json
stderr.txt
stream.jsonl
verify.log
